Archive member included to satisfy reference by file (symbol)

d:/intelfpga_lite/16.1/nios2eds/bin/gnu/h-x86_64-mingw32/bin/../lib/gcc/nios2-elf/5.3.0/../../../../../H-x86_64-mingw32/nios2-elf/lib/mno-hw-mul\libc.a(lib_a-puts.o)
                              obj/default/hello_ucosii.o (puts)
d:/intelfpga_lite/16.1/nios2eds/bin/gnu/h-x86_64-mingw32/bin/../lib/gcc/nios2-elf/5.3.0/../../../../../H-x86_64-mingw32/nios2-elf/lib/mno-hw-mul\libc.a(lib_a-strlen.o)
                              d:/intelfpga_lite/16.1/nios2eds/bin/gnu/h-x86_64-mingw32/bin/../lib/gcc/nios2-elf/5.3.0/../../../../../H-x86_64-mingw32/nios2-elf/lib/mno-hw-mul\libc.a(lib_a-puts.o) (strlen)
d:/intelfpga_lite/16.1/nios2eds/bin/gnu/h-x86_64-mingw32/bin/../lib/gcc/nios2-elf/5.3.0/../../../../../H-x86_64-mingw32/nios2-elf/lib/mno-hw-mul\libc.a(lib_a-findfp.o)
                              d:/intelfpga_lite/16.1/nios2eds/bin/gnu/h-x86_64-mingw32/bin/../lib/gcc/nios2-elf/5.3.0/../../../../../H-x86_64-mingw32/nios2-elf/lib/mno-hw-mul\libc.a(lib_a-puts.o) (__sinit)
d:/intelfpga_lite/16.1/nios2eds/bin/gnu/h-x86_64-mingw32/bin/../lib/gcc/nios2-elf/5.3.0/../../../../../H-x86_64-mingw32/nios2-elf/lib/mno-hw-mul\libc.a(lib_a-fvwrite.o)
                              d:/intelfpga_lite/16.1/nios2eds/bin/gnu/h-x86_64-mingw32/bin/../lib/gcc/nios2-elf/5.3.0/../../../../../H-x86_64-mingw32/nios2-elf/lib/mno-hw-mul\libc.a(lib_a-puts.o) (__sfvwrite_r)
d:/intelfpga_lite/16.1/nios2eds/bin/gnu/h-x86_64-mingw32/bin/../lib/gcc/nios2-elf/5.3.0/../../../../../H-x86_64-mingw32/nios2-elf/lib/mno-hw-mul\libc.a(lib_a-fwalk.o)
                              d:/intelfpga_lite/16.1/nios2eds/bin/gnu/h-x86_64-mingw32/bin/../lib/gcc/nios2-elf/5.3.0/../../../../../H-x86_64-mingw32/nios2-elf/lib/mno-hw-mul\libc.a(lib_a-findfp.o) (_fwalk)
d:/intelfpga_lite/16.1/nios2eds/bin/gnu/h-x86_64-mingw32/bin/../lib/gcc/nios2-elf/5.3.0/../../../../../H-x86_64-mingw32/nios2-elf/lib/mno-hw-mul\libc.a(lib_a-impure.o)
                              d:/intelfpga_lite/16.1/nios2eds/bin/gnu/h-x86_64-mingw32/bin/../lib/gcc/nios2-elf/5.3.0/../../../../../H-x86_64-mingw32/nios2-elf/lib/mno-hw-mul\libc.a(lib_a-findfp.o) (_global_impure_ptr)
d:/intelfpga_lite/16.1/nios2eds/bin/gnu/h-x86_64-mingw32/bin/../lib/gcc/nios2-elf/5.3.0/../../../../../H-x86_64-mingw32/nios2-elf/lib/mno-hw-mul\libc.a(lib_a-mallocr.o)
                              d:/intelfpga_lite/16.1/nios2eds/bin/gnu/h-x86_64-mingw32/bin/../lib/gcc/nios2-elf/5.3.0/../../../../../H-x86_64-mingw32/nios2-elf/lib/mno-hw-mul\libc.a(lib_a-findfp.o) (_malloc_r)
d:/intelfpga_lite/16.1/nios2eds/bin/gnu/h-x86_64-mingw32/bin/../lib/gcc/nios2-elf/5.3.0/../../../../../H-x86_64-mingw32/nios2-elf/lib/mno-hw-mul\libc.a(lib_a-memchr.o)
                              d:/intelfpga_lite/16.1/nios2eds/bin/gnu/h-x86_64-mingw32/bin/../lib/gcc/nios2-elf/5.3.0/../../../../../H-x86_64-mingw32/nios2-elf/lib/mno-hw-mul\libc.a(lib_a-fvwrite.o) (memchr)
d:/intelfpga_lite/16.1/nios2eds/bin/gnu/h-x86_64-mingw32/bin/../lib/gcc/nios2-elf/5.3.0/../../../../../H-x86_64-mingw32/nios2-elf/lib/mno-hw-mul\libc.a(lib_a-memcpy.o)
                              d:/intelfpga_lite/16.1/nios2eds/bin/gnu/h-x86_64-mingw32/bin/../lib/gcc/nios2-elf/5.3.0/../../../../../H-x86_64-mingw32/nios2-elf/lib/mno-hw-mul\libc.a(lib_a-fvwrite.o) (memcpy)
d:/intelfpga_lite/16.1/nios2eds/bin/gnu/h-x86_64-mingw32/bin/../lib/gcc/nios2-elf/5.3.0/../../../../../H-x86_64-mingw32/nios2-elf/lib/mno-hw-mul\libc.a(lib_a-memmove.o)
                              d:/intelfpga_lite/16.1/nios2eds/bin/gnu/h-x86_64-mingw32/bin/../lib/gcc/nios2-elf/5.3.0/../../../../../H-x86_64-mingw32/nios2-elf/lib/mno-hw-mul\libc.a(lib_a-fvwrite.o) (memmove)
d:/intelfpga_lite/16.1/nios2eds/bin/gnu/h-x86_64-mingw32/bin/../lib/gcc/nios2-elf/5.3.0/../../../../../H-x86_64-mingw32/nios2-elf/lib/mno-hw-mul\libc.a(lib_a-memset.o)
                              d:/intelfpga_lite/16.1/nios2eds/bin/gnu/h-x86_64-mingw32/bin/../lib/gcc/nios2-elf/5.3.0/../../../../../H-x86_64-mingw32/nios2-elf/lib/mno-hw-mul\libc.a(lib_a-findfp.o) (memset)
d:/intelfpga_lite/16.1/nios2eds/bin/gnu/h-x86_64-mingw32/bin/../lib/gcc/nios2-elf/5.3.0/../../../../../H-x86_64-mingw32/nios2-elf/lib/mno-hw-mul\libc.a(lib_a-reallocr.o)
                              d:/intelfpga_lite/16.1/nios2eds/bin/gnu/h-x86_64-mingw32/bin/../lib/gcc/nios2-elf/5.3.0/../../../../../H-x86_64-mingw32/nios2-elf/lib/mno-hw-mul\libc.a(lib_a-fvwrite.o) (_realloc_r)
d:/intelfpga_lite/16.1/nios2eds/bin/gnu/h-x86_64-mingw32/bin/../lib/gcc/nios2-elf/5.3.0/../../../../../H-x86_64-mingw32/nios2-elf/lib/mno-hw-mul\libc.a(lib_a-sbrkr.o)
                              d:/intelfpga_lite/16.1/nios2eds/bin/gnu/h-x86_64-mingw32/bin/../lib/gcc/nios2-elf/5.3.0/../../../../../H-x86_64-mingw32/nios2-elf/lib/mno-hw-mul\libc.a(lib_a-mallocr.o) (_sbrk_r)
d:/intelfpga_lite/16.1/nios2eds/bin/gnu/h-x86_64-mingw32/bin/../lib/gcc/nios2-elf/5.3.0/../../../../../H-x86_64-mingw32/nios2-elf/lib/mno-hw-mul\libc.a(lib_a-stdio.o)
[...]
Memory Configuration

Name             Origin             Length             Attributes
reset            0x0000000000000000 0x0000000000000020
onchip_memory2_0 0x0000000000000020 0x0000000000004fe0
*default*        0x0000000000000000 0xffffffffffffffff

Linker script and memory map

LOAD ../audio_visualizer_bsp//obj/HAL/src/crt0.o
LOAD obj/default/hello_ucosii.o
LOAD d:/intelfpga_lite/16.1/nios2eds/bin/gnu/h-x86_64-mingw32/bin/../lib/gcc/nios2-elf/5.3.0/../../../../../H-x86_64-mingw32/nios2-elf/lib/mno-hw-mul\libstdc++.a
LOAD d:/intelfpga_lite/16.1/nios2eds/bin/gnu/h-x86_64-mingw32/bin/../lib/gcc/nios2-elf/5.3.0/../../../../../H-x86_64-mingw32/nios2-elf/lib/mno-hw-mul\libm.a
LOAD d:/intelfpga_lite/16.1/nios2eds/bin/gnu/h-x86_64-mingw32/bin/../lib/gcc/nios2-elf/5.3.0/mno-hw-mul\libgcc.a
START GROUP
LOAD d:/intelfpga_lite/16.1/nios2eds/bin/gnu/h-x86_64-mingw32/bin/../lib/gcc/nios2-elf/5.3.0/../../../../../H-x86_64-mingw32/nios2-elf/lib/mno-hw-mul\libc.a
LOAD d:/intelfpga_lite/16.1/nios2eds/bin/gnu/h-x86_64-mingw32/bin/../lib/gcc/nios2-elf/5.3.0/mno-hw-mul\libgcc.a
LOAD ../audio_visualizer_bsp/\libucosii_bsp.a
LOAD d:/intelfpga_lite/16.1/nios2eds/bin/gnu/h-x86_64-mingw32/bin/../lib/gcc/nios2-elf/5.3.0/../../../../../H-x86_64-mingw32/nios2-elf/lib/mno-hw-mul\libm.a
END GROUP
LOAD d:/intelfpga_lite/16.1/nios2eds/bin/gnu/h-x86_64-mingw32/bin/../lib/gcc/nios2-elf/5.3.0/mno-hw-mul\libgcc.a
                0x0000000000000000                __alt_mem_onchip_memory2_0 = 0x0

.entry          0x0000000000000000       0x20
 *(.entry)
 .entry         0x0000000000000000       0x20 ../audio_visualizer_bsp//obj/HAL/src/crt0.o
                0x0000000000000000                __reset

.exceptions     0x0000000000000020      0x210
                0x0000000000000020                PROVIDE (__ram_exceptions_start, ABSOLUTE (.))
                0x0000000000000020                . = ALIGN (0x20)
 *(.irq)
 *(.exceptions.entry.label)
 .exceptions.entry.label
                0x0000000000000020        0x0 ../audio_visualizer_bsp/\libucosii_bsp.a(alt_irq_entry.o)
                0x0000000000000020                alt_irq_entry
 .exceptions.entry.label
                0x0000000000000020        0x0 ../audio_visualizer_bsp/\libucosii_bsp.a(alt_exception_entry.o)
                0x0000000000000020                alt_exception
 *(.exceptions.entry.user)
 *(.exceptions.entry.ecc_fatal)
 *(.exceptions.entry)
 .exceptions.entry
                0x0000000000000020       0x54 ../audio_visualizer_bsp/\libucosii_bsp.a(alt_exception_entry.o)
 *(.exceptions.irqtest.user)
 *(.exceptions.irqtest)
 .exceptions.irqtest
                0x0000000000000074       0x10 ../audio_visualizer_bsp/\libucosii_bsp.a(alt_irq_entry.o)
 *(.exceptions.irqhandler.user)
 *(.exceptions.irqhandler)
 .exceptions.irqhandler
                0x0000000000000084        0x4 ../audio_visualizer_bsp/\libucosii_bsp.a(alt_irq_entry.o)
 *(.exceptions.irqreturn.user)
 *(.exceptions.irqreturn)
 .exceptions.irqreturn
                0x0000000000000088        0x4 ../audio_visualizer_bsp/\libucosii_bsp.a(alt_irq_entry.o)
 *(.exceptions.notirq.label)
 .exceptions.notirq.label
                0x000000000000008c        0x0 ../audio_visualizer_bsp/\libucosii_bsp.a(alt_irq_entry.o)
 *(.exceptions.notirq.user)
 *(.exceptions.notirq)
 .exceptions.notirq
                0x000000000000008c        0x8 ../audio_visualizer_bsp/\libucosii_bsp.a(alt_exception_entry.o)
 *(.exceptions.soft.user)
 *(.exceptions.soft)
 *(.exceptions.unknown.user)
 *(.exceptions.unknown)
 .exceptions.unknown
                0x0000000000000094       0x14 ../audio_visualizer_bsp/\libucosii_bsp.a(alt_exception_entry.o)
 *(.exceptions.exit.label)
 .exceptions.exit.label
                0x00000000000000a8        0x0 ../audio_visualizer_bsp/\libucosii_bsp.a(alt_irq_entry.o)
 .exceptions.exit.label
                0x00000000000000a8        0x0 ../audio_visualizer_bsp/\libucosii_bsp.a(alt_exception_entry.o)
 *(.exceptions.exit.user)
 *(.exceptions.exit)
 .exceptions.exit
                0x00000000000000a8       0x54 ../audio_visualizer_bsp/\libucosii_bsp.a(alt_exception_entry.o)
 *(.exceptions)
 .exceptions    0x00000000000000fc       0xd4 ../audio_visualizer_bsp/\libucosii_bsp.a(alt_irq_handler.o)
                0x00000000000000fc                alt_irq_handler
 .exceptions    0x00000000000001d0       0x60 ../audio_visualizer_bsp/\libucosii_bsp.a(alt_instruction_exception_entry.o)
                0x00000000000001d0                alt_instruction_exception_entry
                0x0000000000000230                PROVIDE (__ram_exceptions_end, ABSOLUTE (.))
                0x0000000000000020                PROVIDE (__flash_exceptions_start, LOADADDR (.exceptions))

.text           0x0000000000000230     0xd858
                [!provide]                        PROVIDE (stext, ABSOLUTE (.))
 *(.interp)
 *(.hash)
 *(.dynsym)
 *(.dynstr)
 *(.gnu.version)
 *(.gnu.version_d)
 *(.gnu.version_r)
 *(.rel.init)
 *(.rela.init)
 *(.rel.text .rel.text.* .rel.gnu.linkonce.t.*)
 *(.rela.text .rela.text.* .rela.gnu.linkonce.t.*)
 *(.rel.fini)
 *(.rela.fini)
 *(.rel.rodata .rel.rodata.* .rel.gnu.linkonce.r.*)
 *(.rela.rodata .rela.rodata.* .rela.gnu.linkonce.r.*)
 *(.rel.data .rel.data.* .rel.gnu.linkonce.d.*)
 *(.rela.data .rela.data.* .rela.gnu.linkonce.d.*)
 *(.rel.tdata .rel.tdata.* .rel.gnu.linkonce.td.*)
 *(.rela.tdata .rela.tdata.* .rela.gnu.linkonce.td.*)
 *(.rel.tbss .rel.tbss.* .rel.gnu.linkonce.tb.*)
 *(.rela.tbss .rela.tbss.* .rela.gnu.linkonce.tb.*)
 *(.rel.ctors)
 *(.rela.ctors)
 *(.rel.dtors)
 *(.rela.dtors)
 *(.rel.got)
 *(.rela.got)
 *(.rel.sdata .rel.sdata.* .rel.gnu.linkonce.s.*)
 *(.rela.sdata .rela.sdata.* .rela.gnu.linkonce.s.*)
 *(.rel.sbss .rel.sbss.* .rel.gnu.linkonce.sb.*)
 *(.rela.sbss .rela.sbss.* .rela.gnu.linkonce.sb.*)
 *(.rel.sdata2 .rel.sdata2.* .rel.gnu.linkonce.s2.*)
 *(.rela.sdata2 .rela.sdata2.* .rela.gnu.linkonce.s2.*)
 *(.rel.sbss2 .rel.sbss2.* .rel.gnu.linkonce.sb2.*)
 *(.rela.sbss2 .rela.sbss2.* .rela.gnu.linkonce.sb2.*)
 *(.rel.bss .rel.bss.* .rel.gnu.linkonce.b.*)
 *(.rela.bss .rela.bss.* .rela.gnu.linkonce.b.*)
 *(.rel.plt)
 *(.rela.plt)
 *(.rel.dyn)
 *(.init)
 *(.plt)
 *(.text .stub .text.* .gnu.linkonce.t.*)
 .text          0x0000000000000230       0x3c ../audio_visualizer_bsp//obj/HAL/src/crt0.o
                0x0000000000000230                _start
 .text          0x000000000000026c      0x11c obj/default/hello_ucosii.o
                0x000000000000026c                task1
                0x00000000000002a4                task2
                0x00000000000002dc                main
 .text          0x0000000000000388        0x0 d:/intelfpga_lite/16.1/nios2eds/bin/gnu/h-x86_64-mingw32/bin/../lib/gcc/nios2-elf/5.3.0/../../../../../H-x86_64-mingw32/nios2-elf/lib/mno-hw-mul\libc.a(lib_a-puts.o)
 .text._puts_r  0x0000000000000388       0xc0 d:/intelfpga_lite/16.1/nios2eds/bin/gnu/h-x86_64-mingw32/bin/../lib/gcc/nios2-elf/5.3.0/../../../../../H-x86_64-mingw32/nios2-elf/lib/mno-hw-mul\libc.a(lib_a-puts.o)
                0x0000000000000388                _puts_r
 .text.puts     0x0000000000000448       0x14 d:/intelfpga_lite/16.1/nios2eds/bin/gnu/h-x86_64-mingw32/bin/../lib/gcc/nios2-elf/5.3.0/../../../../../H-x86_64-mingw32/nios2-elf/lib/mno-hw-mul\libc.a(lib_a-puts.o)
                0x0000000000000448                puts
 .text          0x000000000000045c        0x0 d:/intelfpga_lite/16.1/nios2eds/bin/gnu/h-x86_64-mingw32/bin/../lib/gcc/nios2-elf/5.3.0/../../../../../H-x86_64-mingw32/nios2-elf/lib/mno-hw-mul\libc.a(lib_a-strlen.o)
 .text.strlen   0x000000000000045c       0x98 d:/intelfpga_lite/16.1/nios2eds/bin/gnu/h-x86_64-mingw32/bin/../lib/gcc/nios2-elf/5.3.0/../../../../../H-x86_64-mingw32/nios2-elf/lib/mno-hw-mul\libc.a(lib_a-strlen.o)
                0x000000000000045c                strlen
 .text          0x00000000000004f4        0x0 d:/intelfpga_lite/16.1/nios2eds/bin/gnu/h-x86_64-mingw32/bin/../lib/gcc/nios2-elf/5.3.0/../../../../../H-x86_64-mingw32/nios2-elf/lib/mno-hw-mul\libc.a(lib_a-findfp.o)
 .text.__fp_unlock
                0x00000000000004f4        0x8 d:/intelfpga_lite/16.1/nios2eds/bin/gnu/h-x86_64-mingw32/bin/../lib/gcc/nios2-elf/5.3.0/../../../../../H-x86_64-mingw32/nios2-elf/lib/mno-hw-mul\libc.a(lib_a-findfp.o)
 .text._cleanup_r
                0x00000000000004fc        0xc d:/intelfpga_lite/16.1/nios2eds/bin/gnu/h-x86_64-mingw32/bin/../lib/gcc/nios2-elf/5.3.0/../../../../../H-x86_64-mingw32/nios2-elf/lib/mno-hw-mul\libc.a(lib_a-findfp.o)
                0x00000000000004fc                _cleanup_r
 .text.__sinit.part.1
                0x0000000000000508      0x19c d:/intelfpga_lite/16.1/nios2eds/bin/gnu/h-x86_64-mingw32/bin/../lib/gcc/nios2-elf/5.3.0/../../../../../H-x86_64-mingw32/nios2-elf/lib/mno-hw-mul\libc.a(lib_a-findfp.o)
 .text.__fp_lock
                0x00000000000006a4        0x8 d:/intelfpga_lite/16.1/nios2eds/bin/gnu/h-x86_64-mingw32/bin/../lib/gcc/nios2-elf/5.3.0/../../../../../H-x86_64-mingw32/nios2-elf/lib/mno-hw-mul\libc.a(lib_a-findfp.o)
 .text.__sfmoreglue
                0x00000000000006ac       0x78 d:/intelfpga_lite/16.1/nios2eds/bin/gnu/h-x86_64-mingw32/bin/../lib/gcc/nios2-elf/5.3.0/../../../../../H-x86_64-mingw32/nios2-elf/lib/mno-hw-mul\libc.a(lib_a-findfp.o)
                0x00000000000006ac                __sfmoreglue
 .text.__sfp    0x0000000000000724      0x118 d:/intelfpga_lite/16.1/nios2eds/bin/gnu/h-x86_64-mingw32/bin/../lib/gcc/nios2-elf/5.3.0/../../../../../H-x86_64-mingw32/nios2-elf/lib/mno-hw-mul\libc.a(lib_a-findfp.o)
                0x0000000000000724                __sfp
 .text._cleanup
                0x000000000000083c       0x18 d:/intelfpga_lite/16.1/nios2eds/bin/gnu/h-x86_64-mingw32/bin/../lib/gcc/nios2-elf/5.3.0/../../../../../H-x86_64-mingw32/nios2-elf/lib/mno-hw-mul\libc.a(lib_a-findfp.o)
                0x000000000000083c                _cleanup
 .text.__sinit  0x0000000000000854       0x10 d:/intelfpga_lite/16.1/nios2eds/bin/gnu/h-x86_64-mingw32/bin/../lib/gcc/nios2-elf/5.3.0/../../../../../H-x86_64-mingw32/nios2-elf/lib/mno-hw-mul\libc.a(lib_a-findfp.o)
                0x0000000000000854                __sinit
 .text.__sfp_lock_acquire
                0x0000000000000864        0x4 d:/intelfpga_lite/16.1/nios2eds/bin/gnu/h-x86_64-mingw32/bin/../lib/gcc/nios2-elf/5.3.0/../../../../../H-x86_64-mingw32/nios2-elf/lib/mno-hw-mul\libc.a(lib_a-findfp.o)
                0x0000000000000864                __sfp_lock_acquire
 .text.__sfp_lock_release
                0x0000000000000868        0x4 d:/intelfpga_lite/16.1/nios2eds/bin/gnu/h-x86_64-mingw32/bin/../lib/gcc/nios2-elf/5.3.0/../../../../../H-x86_64-mingw32/nios2-elf/lib/mno-hw-mul\libc.a(lib_a-findfp.o)
                0x0000000000000868                __sfp_lock_release
 .text.__sinit_lock_acquire
                0x000000000000086c        0x4 d:/intelfpga_lite/16.1/nios2eds/bin/gnu/h-x86_64-mingw32/bin/../lib/gcc/nios2-elf/5.3.0/../../../../../H-x86_64-mingw32/nios2-elf/lib/mno-hw-mul\libc.a(lib_a-findfp.o)
                0x000000000000086c                __sinit_lock_acquire
 .text.__sinit_lock_release
                0x0000000000000870        0x4 d:/intelfpga_lite/16.1/nios2eds/bin/gnu/h-x86_64-mingw32/bin/../lib/gcc/nios2-elf/5.3.0/../../../../../H-x86_64-mingw32/nios2-elf/lib/mno-hw-mul\libc.a(lib_a-findfp.o)
                0x0000000000000870                __sinit_lock_release
 .text.__fp_lock_all
                0x0000000000000874       0x18 d:/intelfpga_lite/16.1/nios2eds/bin/gnu/h-x86_64-mingw32/bin/../lib/gcc/nios2-elf/5.3.0/../../../../../H-x86_64-mingw32/nios2-elf/lib/mno-hw-mul\libc.a(lib_a-findfp.o)
                0x0000000000000874                __fp_lock_all
 .text.__fp_unlock_all
                0x000000000000088c       0x18 d:/intelfpga_lite/16.1/nios2eds/bin/gnu/h-x86_64-mingw32/bin/../lib/gcc/nios2-elf/5.3.0/../../../../../H-x86_64-mingw32/nios2-elf/lib/mno-hw-mul\libc.a(lib_a-findfp.o)
                0x000000000000088c                __fp_unlock_all
 .text          0x00000000000008a4        0x0 d:/intelfpga_lite/16.1/nios2eds/bin/gnu/h-x86_64-mingw32/bin/../lib/gcc/nios2-elf/5.3.0/../../../../../H-x86_64-mingw32/nios2-elf/lib/mno-hw-mul\libc.a(lib_a-fvwrite.o)
 .text.__sfvwrite_r
                0x00000000000008a4      0x4c8 d:/intelfpga_lite/16.1/nios2eds/bin/gnu/h-x86_64-mingw32/bin/../lib/gcc/nios2-elf/5.3.0/../../../../../H-x86_64-mingw32/nios2-elf/lib/mno-hw-mul\libc.a(lib_a-fvwrite.o)
                0x00000000000008a4                __sfvwrite_r
 .text          0x0000000000000d6c        0x0 d:/intelfpga_lite/16.1/nios2eds/bin/gnu/h-x86_64-mingw32/bin/../lib/gcc/nios2-elf/5.3.0/../../../../../H-x86_64-mingw32/nios2-elf/lib/mno-hw-mul\libc.a(lib_a-fwalk.o)
 .text._fwalk   0x0000000000000d6c       0xc4 d:/intelfpga_lite/16.1/nios2eds/bin/gnu/h-x86_64-mingw32/bin/../lib/gcc/nios2-elf/5.3.0/../../../../../H-x86_64-mingw32/nios2-elf/lib/mno-hw-mul\libc.a(lib_a-fwalk.o)
                0x0000000000000d6c                _fwalk
 .text._fwalk_reent
                0x0000000000000e30       0xc4 d:/intelfpga_lite/16.1/nios2eds/bin/gnu/h-x86_64-mingw32/bin/../lib/gcc/nios2-elf/5.3.0/../../../../../H-x86_64-mingw32/nios2-elf/lib/mno-hw-mul\libc.a(lib_a-fwalk.o)
                0x0000000000000e30                _fwalk_reent
 .text          0x0000000000000ef4        0x0 d:/intelfpga_lite/16.1/nios2eds/bin/gnu/h-x86_64-mingw32/bin/../lib/gcc/nios2-elf/5.3.0/../../../../../H-x86_64-mingw32/nios2-elf/lib/mno-hw-mul\libc.a(lib_a-impure.o)
 .text          0x0000000000000ef4        0x0 d:/intelfpga_lite/16.1/nios2eds/bin/gnu/h-x86_64-mingw32/bin/../lib/gcc/nios2-elf/5.3.0/../../../../../H-x86_64-mingw32/nios2-elf/lib/mno-hw-mul\libc.a(lib_a-mallocr.o)
 .text._malloc_r
                0x0000000000000ef4      0x80c d:/intelfpga_lite/16.1/nios2eds/bin/gnu/h-x86_64-mingw32/bin/../lib/gcc/nios2-elf/5.3.0/../../../../../H-x86_64-mingw32/nios2-elf/lib/mno-hw-mul\libc.a(lib_a-mallocr.o)
                0x0000000000000ef4                _malloc_r
 .text          0x0000000000001700        0x0 d:/intelfpga_lite/16.1/nios2eds/bin/gnu/h-x86_64-mingw32/bin/../lib/gcc/nios2-elf/5.3.0/../../../../../H-x86_64-mingw32/nios2-elf/lib/mno-hw-mul\libc.a(lib_a-memchr.o)
 .text.memchr   0x0000000000001700       0xe4 d:/intelfpga_lite/16.1/nios2eds/bin/gnu/h-x86_64-mingw32/bin/../lib/gcc/nios2-elf/5.3.0/../../../../../H-x86_64-mingw32/nios2-elf/lib/mno-hw-mul\libc.a(lib_a-memchr.o)
                0x0000000000001700                memchr
 .text          0x00000000000017e4        0x0 d:/intelfpga_lite/16.1/nios2eds/bin/gnu/h-x86_64-mingw32/bin/../lib/gcc/nios2-elf/5.3.0/../../../../../H-x86_64-mingw32/nios2-elf/lib/mno-hw-mul\libc.a(lib_a-memcpy.o)
 .text.memcpy   0x00000000000017e4      0x148 d:/intelfpga_lite/16.1/nios2eds/bin/gnu/h-x86_64-mingw32/bin/../lib/gcc/nios2-elf/5.3.0/../../../../../H-x86_64-mingw32/nios2-elf/lib/mno-hw-mul\libc.a(lib_a-memcpy.o)
                0x00000000000017e4                memcpy
 .text          0x000000000000192c        0x0 d:/intelfpga_lite/16.1/nios2eds/bin/gnu/h-x86_64-mingw32/bin/../lib/gcc/nios2-elf/5.3.0/../../../../../H-x86_64-mingw32/nios2-elf/lib/mno-hw-mul\libc.a(lib_a-memmove.o)
 .text.memmove  0x000000000000192c      0x15c d:/intelfpga_lite/16.1/nios2eds/bin/gnu/h-x86_64-mingw32/bin/../lib/gcc/nios2-elf/5.3.0/../../../../../H-x86_64-mingw32/nios2-elf/lib/mno-hw-mul\libc.a(lib_a-memmove.o)
                0x000000000000192c                memmove
 .text          0x0000000000001a88        0x0 d:/intelfpga_lite/16.1/nios2eds/bin/gnu/h-x86_64-mingw32/bin/../lib/gcc/nios2-elf/5.3.0/../../../../../H-x86_64-mingw32/nios2-elf/lib/mno-hw-mul\libc.a(lib_a-memset.o)
 .text.memset   0x0000000000001a88      0x128 d:/intelfpga_lite/16.1/nios2eds/bin/gnu/h-x86_64-mingw32/bin/../lib/gcc/nios2-elf/5.3.0/../../../../../H-x86_64-mingw32/nios2-elf/lib/mno-hw-mul\libc.a(lib_a-memset.o)
                0x0000000000001a88                memset
 .text          0x0000000000001bb0        0x0 d:/intelfpga_lite/16.1/nios2eds/bin/gnu/h-x86_64-mingw32/bin/../lib/gcc/nios2-elf/5.3.0/../../../../../H-x86_64-mingw32/nios2-elf/lib/mno-hw-mul\libc.a(lib_a-reallocr.o)
 .text._realloc_r
                0x0000000000001bb0      0x564 d:/intelfpga_lite/16.1/nios2eds/bin/gnu/h-x86_64-mingw32/bin/../lib/gcc/nios2-elf/5.3.0/../../../../../H-x86_64-mingw32/nios2-elf/lib/mno-hw-mul\libc.a(lib_a-reallocr.o)
                0x0000000000001bb0                _realloc_r
 .text          0x0000000000002114        0x0 d:/intelfpga_lite/16.1/nios2eds/bin/gnu/h-x86_64-mingw32/bin/../lib/gcc/nios2-elf/5.3.0/../../../../../H-x86_64-mingw32/nios2-elf/lib/mno-hw-mul\libc.a(lib_a-sbrkr.o)
 .text._sbrk_r  0x0000000000002114       0x54 d:/intelfpga_lite/16.1/nios2eds/bin/gnu/h-x86_64-mingw32/bin/../lib/gcc/nios2-elf/5.3.0/../../../../../H-x86_64-mingw32/nios2-elf/lib/mno-hw-mul\libc.a(lib_a-sbrkr.o)
                0x0000000000002114                _sbrk_r
 .text          0x0000000000002168        0x0 d:/intelfpga_lite/16.1/nios2eds/bin/gnu/h-x86_64-mingw32/bin/../lib/gcc/nios2-elf/5.3.0/../../../../../H-x86_64-mingw32/nios2-elf/lib/mno-hw-mul\libc.a(lib_a-stdio.o)
 .text.__sread  0x0000000000002168       0x54 d:/intelfpga_lite/16.1/nios2eds/bin/gnu/h-x86_64-mingw32/bin/../lib/gcc/nios2-elf/5.3.0/../../../../../H-x86_64-mingw32/nios2-elf/lib/mno-hw-mul\libc.a(lib_a-stdio.o)
                0x0000000000002168                __sread
 .text.__seofread
                0x00000000000021bc        0x8 d:/intelfpga_lite/16.1/nios2eds/bin/gnu/h-x86_64-mingw32/bin/../lib/gcc/nios2-elf/5.3.0/../../../../../H-x86_64-mingw32/nios2-elf/lib/mno-hw-mul\libc.a(lib_a-stdio.o)
                0x00000000000021bc                __seofread
 .text.__swrite
                0x00000000000021c4       0x7c d:/intelfpga_lite/16.1/nios2eds/bin/gnu/h-x86_64-mingw32/bin/../lib/gcc/nios2-elf/5.3.0/../../../../../H-x86_64-mingw32/nios2-elf/lib/mno-hw-mul\libc.a(lib_a-stdio.o)
                0x00000000000021c4                __swrite
 .text.__sseek  0x0000000000002240       0x5c d:/intelfpga_lite/16.1/nios2eds/bin/gnu/h-x86_64-mingw32/bin/../lib/gcc/nios2-elf/5.3.0/../../../../../H-x86_64-mingw32/nios2-elf/lib/mno-hw-mul\libc.a(lib_a-stdio.o)
                0x0000000000002240                __sseek
 .text.__sclose
                0x000000000000229c        0x8 d:/intelfpga_lite/16.1/nios2eds/bin/gnu/h-x86_64-mingw32/bin/../lib/gcc/nios2-elf/5.3.0/../../../../../H-x86_64-mingw32/nios2-elf/lib/mno-hw-mul\libc.a(lib_a-stdio.o)
                0x000000000000229c                __sclose
 .text          0x00000000000022a4        0x0 d:/intelfpga_lite/16.1/nios2eds/bin/gnu/h-x86_64-mingw32/bin/../lib/gcc/nios2-elf/5.3.0/../../../../../H-x86_64-mingw32/nios2-elf/lib/mno-hw-mul\libc.a(lib_a-writer.o)
 .text._write_r
                0x00000000000022a4       0x60 d:/intelfpga_lite/16.1/nios2eds/bin/gnu/h-x86_64-mingw32/bin/../lib/gcc/nios2-elf/5.3.0/../../../../../H-x86_64-mingw32/nios2-elf/lib/mno-hw-mul\libc.a(lib_a-writer.o)
                0x00000000000022a4                _write_r
 .text          0x0000000000002304        0x0 d:/intelfpga_lite/16.1/nios2eds/bin/gnu/h-x86_64-mingw32/bin/../lib/gcc/nios2-elf/5.3.0/../../../../../H-x86_64-mingw32/nios2-elf/lib/mno-hw-mul\libc.a(lib_a-wsetup.o)
 .text.__swsetup_r
                0x0000000000002304      0x154 d:/intelfpga_lite/16.1/nios2eds/bin/gnu/h-x86_64-mingw32/bin/../lib/gcc/nios2-elf/5.3.0/../../../../../H-x86_64-mingw32/nios2-elf/lib/mno-hw-mul\libc.a(lib_a-wsetup.o)
                0x0000000000002304                __swsetup_r
 .text          0x0000000000002458        0x0 d:/intelfpga_lite/16.1/nios2eds/bin/gnu/h-x86_64-mingw32/bin/../lib/gcc/nios2-elf/5.3.0/../../../../../H-x86_64-mingw32/nios2-elf/lib/mno-hw-mul\libc.a(closer.o)
 .text._close_r
                0x0000000000002458       0x54 d:/intelfpga_lite/16.1/nios2eds/bin/gnu/h-x86_64-mingw32/bin/../lib/gcc/nios2-elf/5.3.0/../../../../../H-x86_64-mingw32/nios2-elf/lib/mno-hw-mul\libc.a(closer.o)
                0x0000000000002458                _close_r
 .text          0x00000000000024ac        0x0 d:/intelfpga_lite/16.1/nios2eds/bin/gnu/h-x86_64-mingw32/bin/../lib/gcc/nios2-elf/5.3.0/../../../../../H-x86_64-mingw32/nios2-elf/lib/mno-hw-mul\libc.a(lib_a-fclose.o)
 .text._fclose_r
                0x00000000000024ac       0xf0 d:/intelfpga_lite/16.1/nios2eds/bin/gnu/h-x86_64-mingw32/bin/../lib/gcc/nios2-elf/5.3.0/../../../../../H-x86_64-mingw32/nios2-elf/lib/mno-hw-mul\libc.a(lib_a-fclose.o)
                0x00000000000024ac                _fclose_r
 .text.fclose   0x000000000000259c       0x14 d:/intelfpga_lite/16.1/nios2eds/bin/gnu/h-x86_64-mingw32/bin/../lib/gcc/nios2-elf/5.3.0/../../../../../H-x86_64-mingw32/nios2-elf/lib/mno-hw-mul\libc.a(lib_a-fclose.o)
                0x000000000000259c                fclose
 .text          0x00000000000025b0        0x0 d:/intelfpga_lite/16.1/nios2eds/bin/gnu/h-x86_64-mingw32/bin/../lib/gcc/nios2-elf/5.3.0/../../../../../H-x86_64-mingw32/nios2-elf/lib/mno-hw-mul\libc.a(lib_a-fflush.o)
 .text.__sflush_r
                0x00000000000025b0      0x21c d:/intelfpga_lite/16.1/nios2eds/bin/gnu/h-x86_64-mingw32/bin/../lib/gcc/nios2-elf/5.3.0/../../../../../H-x86_64-mingw32/nios2-elf/lib/mno-hw-mul\libc.a(lib_a-fflush.o)
                0x00000000000025b0                __sflush_r
 .text._fflush_r
                0x00000000000027cc       0x5c d:/intelfpga_lite/16.1/nios2eds/bin/gnu/h-x86_64-mingw32/bin/../lib/gcc/nios2-elf/5.3.0/../../../../../H-x86_64-mingw32/nios2-elf/lib/mno-hw-mul\libc.a(lib_a-fflush.o)
                0x00000000000027cc                _fflush_r
 .text.fflush   0x0000000000002828       0x30 d:/intelfpga_lite/16.1/nios2eds/bin/gnu/h-x86_64-mingw32/bin/../lib/gcc/nios2-elf/5.3.0/../../../../../H-x86_64-mingw32/nios2-elf/lib/mno-hw-mul\libc.a(lib_a-fflush.o)
                0x0000000000002828                fflush
 .text          0x0000000000002858        0x0 d:/intelfpga_lite/16.1/nios2eds/bin/gnu/h-x86_64-mingw32/bin/../lib/gcc/nios2-elf/5.3.0/../../../../../H-x86_64-mingw32/nios2-elf/lib/mno-hw-mul\libc.a(lib_a-freer.o)
 .text._malloc_trim_r
                0x0000000000002858      0x124 d:/intelfpga_lite/16.1/nios2eds/bin/gnu/h-x86_64-mingw32/bin/../lib/gcc/nios2-elf/5.3.0/../../../../../H-x86_64-mingw32/nios2-elf/lib/mno-hw-mul\libc.a(lib_a-freer.o)
                0x0000000000002858                _malloc_trim_r
 .text._free_r  0x000000000000297c      0x310 d:/intelfpga_lite/16.1/nios2eds/bin/gnu/h-x86_64-mingw32/bin/../lib/gcc/nios2-elf/5.3.0/../../../../../H-x86_64-mingw32/nios2-elf/lib/mno-hw-mul\libc.a(lib_a-freer.o)
                0x000000000000297c                _free_r
 .text          0x0000000000002c8c        0x0 d:/intelfpga_lite/16.1/nios2eds/bin/gnu/h-x86_64-mingw32/bin/../lib/gcc/nios2-elf/5.3.0/../../../../../H-x86_64-mingw32/nios2-elf/lib/mno-hw-mul\libc.a(lib_a-int_errno.o)
 .text          0x0000000000002c8c        0x0 d:/intelfpga_lite/16.1/nios2eds/bin/gnu/h-x86_64-mingw32/bin/../lib/gcc/nios2-elf/5.3.0/../../../../../H-x86_64-mingw32/nios2-elf/lib/mno-hw-mul\libc.a(lib_a-lseekr.o)
 .text._lseek_r
                0x0000000000002c8c       0x60 d:/intelfpga_lite/16.1/nios2eds/bin/gnu/h-x86_64-mingw32/bin/../lib/gcc/nios2-elf/5.3.0/../../../../../H-x86_64-mingw32/nios2-elf/lib/mno-hw-mul\libc.a(lib_a-lseekr.o)
                0x0000000000002c8c                _lseek_r
 .text          0x0000000000002cec        0x0 d:/intelfpga_lite/16.1/nios2eds/bin/gnu/h-x86_64-mingw32/bin/../lib/gcc/nios2-elf/5.3.0/../../../../../H-x86_64-mingw32/nios2-elf/lib/mno-hw-mul\libc.a(lib_a-makebuf.o)
 .text.__smakebuf_r
                0x0000000000002cec      0x1bc d:/intelfpga_lite/16.1/nios2eds/bin/gnu/h-x86_64-mingw32/bin/../lib/gcc/nios2-elf/5.3.0/../../../../../H-x86_64-mingw32/nios2-elf/lib/mno-hw-mul\libc.a(lib_a-makebuf.o)
                0x0000000000002cec                __smakebuf_r
 .text          0x0000000000002ea8        0x0 d:/intelfpga_lite/16.1/nios2eds/bin/gnu/h-x86_64-mingw32/bin/../lib/gcc/nios2-elf/5.3.0/../../../../../H-x86_64-mingw32/nios2-elf/lib/mno-hw-mul\libc.a(lib_a-readr.o)
 .text._read_r  0x0000000000002ea8       0x60 d:/intelfpga_lite/16.1/nios2eds/bin/gnu/h-x86_64-mingw32/bin/../lib/gcc/nios2-elf/5.3.0/../../../../../H-x86_64-mingw32/nios2-elf/lib/mno-hw-mul\libc.a(lib_a-readr.o)
                0x0000000000002ea8                _read_r
 .text          0x0000000000002f08        0x0 d:/intelfpga_lite/16.1/nios2eds/bin/gnu/h-x86_64-mingw32/bin/../lib/gcc/nios2-elf/5.3.0/../../../../../H-x86_64-mingw32/nios2-elf/lib/mno-hw-mul\libc.a(lib_a-fstatr.o)
 .text._fstat_r
                0x0000000000002f08       0x5c d:/intelfpga_lite/16.1/nios2eds/bin/gnu/h-x86_64-mingw32/bin/../lib/gcc/nios2-elf/5.3.0/../../../../../H-x86_64-mingw32/nios2-elf/lib/mno-hw-mul\libc.a(lib_a-fstatr.o)
                0x0000000000002f08                _fstat_r
 .text          0x0000000000002f64        0x0 d:/intelfpga_lite/16.1/nios2eds/bin/gnu/h-x86_64-mingw32/bin/../lib/gcc/nios2-elf/5.3.0/../../../../../H-x86_64-mingw32/nios2-elf/lib/mno-hw-mul\libc.a(lib_a-isattyr.o)
 .text._isatty_r
                0x0000000000002f64       0x54 d:/intelfpga_lite/16.1/nios2eds/bin/gnu/h-x86_64-mingw32/bin/../lib/gcc/nios2-elf/5.3.0/../../../../../H-x86_64-mingw32/nios2-elf/lib/mno-hw-mul\libc.a(lib_a-isattyr.o)
                0x0000000000002f64                _isatty_r
 .text          0x0000000000002fb8      0x1b4 d:/intelfpga_lite/16.1/nios2eds/bin/gnu/h-x86_64-mingw32/bin/../lib/gcc/nios2-elf/5.3.0/mno-hw-mul\libgcc.a(lib2-divmod.o)
                0x0000000000002fb8                __divsi3
                0x000000000000303c                __modsi3
                0x00000000000030b0                __udivsi3
                0x0000000000003114                __umodsi3
 .text          0x000000000000316c       0x28 d:/intelfpga_lite/16.1/nios2eds/bin/gnu/h-x86_64-mingw32/bin/../lib/gcc/nios2-elf/5.3.0/mno-hw-mul\libgcc.a(lib2-mul.o)
                0x000000000000316c                __mulsi3
 .text          0x0000000000003194      0x114 ../audio_visualizer_bsp/\libucosii_bsp.a(alt_close.o)
                0x00000000000031d0                close
 .text          0x00000000000032a8       0x2c ../audio_visualizer_bsp/\libucosii_bsp.a(alt_dev.o)
 .text          0x00000000000032d4        0x0 ../audio_visualizer_bsp/\libucosii_bsp.a(alt_errno.o)
 .text          0x00000000000032d4       0xf4 ../audio_visualizer_bsp/\libucosii_bsp.a(alt_fstat.o)
                0x0000000000003310                fstat
 .text          0x00000000000033c8       0xe8 ../audio_visualizer_bsp/\libucosii_bsp.a(alt_isatty.o)
                0x0000000000003404                isatty
 .text          0x00000000000034b0       0xec ../audio_visualizer_bsp/\libucosii_bsp.a(alt_load.o)
                0x0000000000003518                alt_load
 .text          0x000000000000359c      0x118 ../audio_visualizer_bsp/\libucosii_bsp.a(alt_lseek.o)
                0x00000000000035d8                lseek
 .text          0x00000000000036b4       0xbc ../audio_visualizer_bsp/\libucosii_bsp.a(alt_main.o)
                0x00000000000036b4                alt_main
 .text          0x0000000000003770      0x140 ../audio_visualizer_bsp/\libucosii_bsp.a(alt_read.o)
                0x00000000000037ac                read
 .text          0x00000000000038b0       0x84 ../audio_visualizer_bsp/\libucosii_bsp.a(alt_release_fd.o)
                0x00000000000038b0                alt_release_fd
 .text          0x0000000000003934       0xb0 ../audio_visualizer_bsp/\libucosii_bsp.a(alt_sbrk.o)
                0x0000000000003934                sbrk
 .text          0x00000000000039e4      0x13c ../audio_visualizer_bsp/\libucosii_bsp.a(alt_write.o)
                0x0000000000003a20                write
 .text          0x0000000000003b20      0x124 ../audio_visualizer_bsp/\libucosii_bsp.a(alt_env_lock.o)
                0x0000000000003b20                __env_lock
                0x0000000000003be4                __env_unlock
 .text          0x0000000000003c44      0x1ec ../audio_visualizer_bsp/\libucosii_bsp.a(alt_malloc_lock.o)
                0x0000000000003c44                __malloc_lock
                0x0000000000003d64                __malloc_unlock
 .text          0x0000000000003e30     0x2014 ../audio_visualizer_bsp/\libucosii_bsp.a(os_core.o)
                0x0000000000003e30                OSEventNameGet
                0x0000000000003f50                OSEventNameSet
                0x0000000000004090                OSEventPendMulti
                0x00000000000046a0                OSInit
                0x00000000000046f8                OSIntEnter
                0x0000000000004744                OSIntExit
                0x000000000000483c                OSSchedLock
                0x00000000000048c8                OSSchedUnlock
                0x00000000000049a4                OSStart
                0x0000000000004a14                OSStatInit
                0x0000000000004ac4                OSTimeTick
                0x0000000000004ce4                OSVersion
                0x0000000000004d04                OS_Dummy
                0x0000000000004d24                OS_EventTaskRdy
                0x0000000000004ebc                OS_EventTaskWait
                0x0000000000004fcc                OS_EventTaskWaitMulti
                0x000000000000511c                OS_EventTaskRemove
                0x00000000000051d4                OS_EventTaskRemoveMulti
                0x00000000000052d4                OS_EventWaitListInit
                0x00000000000056b4                OS_MemClr
                0x0000000000005708                OS_MemCopy
                0x0000000000005770                OS_Sched
                0x00000000000058b4                OS_StrCopy
                0x0000000000005928                OS_StrLen
                0x000000000000597c                OS_TaskIdle
                0x00000000000059d8                OS_TaskStat
                0x0000000000005aa4                OS_TaskStatStkChk
                0x0000000000005b70                OS_TCBInit
 .text          0x0000000000005e44      0x190 ../audio_visualizer_bsp/\libucosii_bsp.a(os_dbg.o)
                0x0000000000005e44                OSDebugInit
 .text          0x0000000000005fd4     0x1714 ../audio_visualizer_bsp/\libucosii_bsp.a(os_flag.o)
                0x0000000000005fd4                OSFlagAccept
                0x00000000000062dc                OSFlagCreate
                0x00000000000063e4                OSFlagDel
                0x000000000000662c                OSFlagNameGet
                0x0000000000006754                OSFlagNameSet
                0x00000000000068a0                OSFlagPend
                0x0000000000006e58                OSFlagPendGetFlagsRdy
                0x0000000000006eb8                OSFlagPost
                0x000000000000724c                OSFlagQuery
                0x0000000000007470                OS_FlagInit
                0x0000000000007644                OS_FlagUnlink
 .text          0x00000000000076e8      0x760 ../audio_visualizer_bsp/\libucosii_bsp.a(os_mem.o)
                0x00000000000076e8                OSMemCreate
                0x00000000000078bc                OSMemGet
                0x00000000000079ac                OSMemNameGet
                0x0000000000007a9c                OSMemNameSet
                0x0000000000007bb0                OSMemPut
                0x0000000000007c88                OSMemQuery
                0x0000000000007d70                OS_MemInit
 .text          0x0000000000007e48     0x1104 ../audio_visualizer_bsp/\libucosii_bsp.a(os_q.o)
                0x0000000000007e48                OSQAccept
                0x0000000000007f88                OSQCreate
                0x0000000000008134                OSQDel
                0x00000000000083b4                OSQFlush
                0x000000000000846c                OSQPend
                0x00000000000086f8                OSQPendAbort
                0x0000000000008864                OSQPost
                0x00000000000089cc                OSQPostFront
                0x0000000000008b3c                OSQPostOpt
                0x0000000000008d48                OSQQuery
                0x0000000000008ea4                OS_QInit
 .text          0x0000000000008f4c      0xa60 ../audio_visualizer_bsp/\libucosii_bsp.a(os_sem.o)
                0x0000000000008f4c                OSSemAccept
                0x0000000000008ffc                OSSemCreate
                0x00000000000090d4                OSSemDel
                0x0000000000009314                OSSemPend
                0x0000000000009520                OSSemPendAbort
                0x000000000000968c                OSSemPost
                0x000000000000979c                OSSemQuery
                0x00000000000098ac                OSSemSet
 .text          0x00000000000099ac     0x176c ../audio_visualizer_bsp/\libucosii_bsp.a(os_task.o)
                0x00000000000099ac                OSTaskChangePrio
                0x0000000000009e9c                OSTaskCreate
                0x000000000000a048                OSTaskCreateExt
                0x000000000000a22c                OSTaskDel
                0x000000000000a570                OSTaskDelReq
                0x000000000000a6c0                OSTaskNameGet
                0x000000000000a858                OSTaskNameSet
                0x000000000000aa0c                OSTaskResume
                0x000000000000abe0                OSTaskStkChk
                0x000000000000ada0                OSTaskSuspend
                0x000000000000af84                OSTaskQuery
                0x000000000000b0a8                OS_TaskStkClr
 .text          0x000000000000b118      0x510 ../audio_visualizer_bsp/\libucosii_bsp.a(os_time.o)
                0x000000000000b118                OSTimeDly
                0x000000000000b21c                OSTimeDlyHMSM
                0x000000000000b398                OSTimeDlyResume
                0x000000000000b56c                OSTimeGet
                0x000000000000b5c8                OSTimeSet
 .text          0x000000000000b628       0xd4 ../audio_visualizer_bsp/\libucosii_bsp.a(alt_sys_init.o)
                0x000000000000b65c                alt_irq_init
                0x000000000000b694                alt_sys_init
 .text          0x000000000000b6fc      0x164 ../audio_visualizer_bsp/\libucosii_bsp.a(altera_avalon_jtag_uart_fd.o)
                0x000000000000b6fc                altera_avalon_jtag_uart_read_fd
                0x000000000000b75c                altera_avalon_jtag_uart_write_fd
                0x000000000000b7bc                altera_avalon_jtag_uart_close_fd
                0x000000000000b80c                altera_avalon_jtag_uart_ioctl_fd
 .text          0x000000000000b860      0x558 ../audio_visualizer_bsp/\libucosii_bsp.a(altera_avalon_jtag_uart_init.o)
                0x000000000000b860                altera_avalon_jtag_uart_init
                0x000000000000bd50                altera_avalon_jtag_uart_close
 .text          0x000000000000bdb8       0xf0 ../audio_visualizer_bsp/\libucosii_bsp.a(altera_avalon_jtag_uart_ioctl.o)
                0x000000000000bdb8                altera_avalon_jtag_uart_ioctl
 .text          0x000000000000bea8      0x2bc ../audio_visualizer_bsp/\libucosii_bsp.a(altera_avalon_jtag_uart_read.o)
                0x000000000000bea8                altera_avalon_jtag_uart_read
 .text          0x000000000000c164      0x2c4 ../audio_visualizer_bsp/\libucosii_bsp.a(altera_avalon_jtag_uart_write.o)
                0x000000000000c164                altera_avalon_jtag_uart_write
 .text          0x000000000000c428       0xf4 ../audio_visualizer_bsp/\libucosii_bsp.a(altera_avalon_timer_sc.o)
                0x000000000000c4a0                alt_avalon_timer_sc_init
 .text          0x000000000000c51c      0x12c ../audio_visualizer_bsp/\libucosii_bsp.a(alt_alarm_start.o)
                0x000000000000c51c                alt_alarm_start
 .text          0x000000000000c648       0x20 ../audio_visualizer_bsp/\libucosii_bsp.a(alt_dcache_flush_all.o)
                0x000000000000c648                alt_dcache_flush_all
 .text          0x000000000000c668       0xe0 ../audio_visualizer_bsp/\libucosii_bsp.a(alt_dev_llist_insert.o)
                0x000000000000c6a4                alt_dev_llist_insert
 .text          0x000000000000c748       0x60 ../audio_visualizer_bsp/\libucosii_bsp.a(alt_do_ctors.o)
                0x000000000000c748                _do_ctors
 .text          0x000000000000c7a8       0x60 ../audio_visualizer_bsp/\libucosii_bsp.a(alt_do_dtors.o)
                0x000000000000c7a8                _do_dtors
 .text          0x000000000000c808       0x20 ../audio_visualizer_bsp/\libucosii_bsp.a(alt_icache_flush_all.o)
                0x000000000000c808                alt_icache_flush_all
 .text          0x000000000000c828      0x1b0 ../audio_visualizer_bsp/\libucosii_bsp.a(alt_iic.o)
                0x000000000000c828                alt_ic_isr_register
                0x000000000000c878                alt_ic_irq_enable
                0x000000000000c900                alt_ic_irq_disable
                0x000000000000c98c                alt_ic_irq_enabled
 .text          0x000000000000c9d8       0xf0 ../audio_visualizer_bsp/\libucosii_bsp.a(alt_iic_isr_register.o)
                0x000000000000c9d8                alt_iic_isr_register
 .text          0x000000000000cac8      0x160 ../audio_visualizer_bsp/\libucosii_bsp.a(alt_io_redirect.o)
                0x000000000000cbac                alt_io_redirect
 .text          0x000000000000cc28        0x0 ../audio_visualizer_bsp/\libucosii_bsp.a(alt_irq_entry.o)
 .text          0x000000000000cc28        0x0 ../audio_visualizer_bsp/\libucosii_bsp.a(alt_irq_handler.o)
 .text          0x000000000000cc28        0x0 ../audio_visualizer_bsp/\libucosii_bsp.a(alt_irq_vars.o)
 .text          0x000000000000cc28      0x284 ../audio_visualizer_bsp/\libucosii_bsp.a(alt_open.o)
                0x000000000000cd50                open
 .text          0x000000000000ceac      0x1a4 ../audio_visualizer_bsp/\libucosii_bsp.a(alt_tick.o)
                0x000000000000ceac                alt_alarm_stop
                0x000000000000cf48                alt_tick
 .text          0x000000000000d050       0x24 ../audio_visualizer_bsp/\libucosii_bsp.a(altera_nios2_gen2_irq.o)
                0x000000000000d050                altera_nios2_gen2_irq_init
 .text          0x000000000000d074       0xd0 ../audio_visualizer_bsp/\libucosii_bsp.a(os_cpu_a.o)
                0x000000000000d074                OSCtxSw
                0x000000000000d074                OSIntCtxSw
                0x000000000000d100                OSStartHighRdy
                0x000000000000d120                OSStartTsk
 .text          0x000000000000d144      0x288 ../audio_visualizer_bsp/\libucosii_bsp.a(os_cpu_c.o)
                0x000000000000d144                OSTaskStkInit
                0x000000000000d2a0                OSTaskCreateHook
                0x000000000000d2c4                OSTaskDelHook
                0x000000000000d2e8                OSTaskSwHook
                0x000000000000d308                OSTaskStatHook
                0x000000000000d328                OSTimeTickHook
                0x000000000000d348                OSInitHookBegin
                0x000000000000d368                OSInitHookEnd
                0x000000000000d388                OSTaskIdleHook
                0x000000000000d3a8                OSTCBInitHook
 .text          0x000000000000d3cc        0x0 ../audio_visualizer_bsp/\libucosii_bsp.a(alt_exception_entry.o)
 .text          0x000000000000d3cc       0x90 ../audio_visualizer_bsp/\libucosii_bsp.a(alt_find_dev.o)
                0x000000000000d3cc                alt_find_dev
 .text          0x000000000000d45c      0x108 ../audio_visualizer_bsp/\libucosii_bsp.a(alt_find_file.o)
                0x000000000000d45c                alt_find_file
 .text          0x000000000000d564       0xf4 ../audio_visualizer_bsp/\libucosii_bsp.a(alt_get_fd.o)
                0x000000000000d564                alt_get_fd
 .text          0x000000000000d658       0x9c ../audio_visualizer_bsp/\libucosii_bsp.a(alt_instruction_exception_entry.o)
                0x000000000000d658                alt_exception_cause_generated_bad_addr
 .text          0x000000000000d6f4        0x0 d:/intelfpga_lite/16.1/nios2eds/bin/gnu/h-x86_64-mingw32/bin/../lib/gcc/nios2-elf/5.3.0/../../../../../H-x86_64-mingw32/nios2-elf/lib/mno-hw-mul\libc.a(lib_a-atexit.o)
 .text.atexit   0x000000000000d6f4       0x14 d:/intelfpga_lite/16.1/nios2eds/bin/gnu/h-x86_64-mingw32/bin/../lib/gcc/nios2-elf/5.3.0/../../../../../H-x86_64-mingw32/nios2-elf/lib/mno-hw-mul\libc.a(lib_a-atexit.o)
                0x000000000000d6f4                atexit
 .text          0x000000000000d708        0x0 d:/intelfpga_lite/16.1/nios2eds/bin/gnu/h-x86_64-mingw32/bin/../lib/gcc/nios2-elf/5.3.0/../../../../../H-x86_64-mingw32/nios2-elf/lib/mno-hw-mul\libc.a(lib_a-exit.o)
 .text.exit     0x000000000000d708       0x38 d:/intelfpga_lite/16.1/nios2eds/bin/gnu/h-x86_64-mingw32/bin/../lib/gcc/nios2-elf/5.3.0/../../../../../H-x86_64-mingw32/nios2-elf/lib/mno-hw-mul\libc.a(lib_a-exit.o)
                0x000000000000d708                exit
 .text          0x000000000000d740        0x0 d:/intelfpga_lite/16.1/nios2eds/bin/gnu/h-x86_64-mingw32/bin/../lib/gcc/nios2-elf/5.3.0/../../../../../H-x86_64-mingw32/nios2-elf/lib/mno-hw-mul\libc.a(lib_a-memcmp.o)
 .text.memcmp   0x000000000000d740       0x7c d:/intelfpga_lite/16.1/nios2eds/bin/gnu/h-x86_64-mingw32/bin/../lib/gcc/nios2-elf/5.3.0/../../../../../H-x86_64-mingw32/nios2-elf/lib/mno-hw-mul\libc.a(lib_a-memcmp.o)
                0x000000000000d740                memcmp
 .text          0x000000000000d7bc        0x0 d:/intelfpga_lite/16.1/nios2eds/bin/gnu/h-x86_64-mingw32/bin/../lib/gcc/nios2-elf/5.3.0/../../../../../H-x86_64-mingw32/nios2-elf/lib/mno-hw-mul\libc.a(lib_a-__atexit.o)
 .text.__register_exitproc
                0x000000000000d7bc      0x118 d:/intelfpga_lite/16.1/nios2eds/bin/gnu/h-x86_64-mingw32/bin/../lib/gcc/nios2-elf/5.3.0/../../../../../H-x86_64-mingw32/nios2-elf/lib/mno-hw-mul\libc.a(lib_a-__atexit.o)
                0x000000000000d7bc                __register_exitproc
 .text          0x000000000000d8d4        0x0 d:/intelfpga_lite/16.1/nios2eds/bin/gnu/h-x86_64-mingw32/bin/../lib/gcc/nios2-elf/5.3.0/../../../../../H-x86_64-mingw32/nios2-elf/lib/mno-hw-mul\libc.a(lib_a-__call_atexit.o)
 .text.__call_exitprocs
                0x000000000000d8d4      0x180 d:/intelfpga_lite/16.1/nios2eds/bin/gnu/h-x86_64-mingw32/bin/../lib/gcc/nios2-elf/5.3.0/../../../../../H-x86_64-mingw32/nios2-elf/lib/mno-hw-mul\libc.a(lib_a-__call_atexit.o)
                0x000000000000d8d4                __call_exitprocs
 .text          0x000000000000da54       0x34 ../audio_visualizer_bsp/\libucosii_bsp.a(alt_exit.o)
                0x000000000000da54                _exit
 *(.gnu.warning.*)
 *(.fini)
                [!provide]                        PROVIDE (__etext, ABSOLUTE (.))
                [!provide]                        PROVIDE (_etext, ABSOLUTE (.))
                [!provide]                        PROVIDE (etext, ABSOLUTE (.))
 *(.eh_frame_hdr)
                0x000000000000da88                . = ALIGN (0x4)
                [!provide]                        PROVIDE (__preinit_array_start, ABSOLUTE (.))
 *(.preinit_array)
                [!provide]                        PROVIDE (__preinit_array_end, ABSOLUTE (.))
                [!provide]                        PROVIDE (__init_array_start, ABSOLUTE (.))
 *(.init_array)
                [!provide]                        PROVIDE (__init_array_end, ABSOLUTE (.))
                [!provide]                        PROVIDE (__fini_array_start, ABSOLUTE (.))
 *(.fini_array)
                [!provide]                        PROVIDE (__fini_array_end, ABSOLUTE (.))
 *(.eh_frame)
 *(.gcc_except_table .gcc_except_table.*)
 *(.dynamic)
                0x000000000000da88                PROVIDE (__CTOR_LIST__, ABSOLUTE (.))
 *(.ctors)
 *(SORT(.ctors.*))
                0x000000000000da88                PROVIDE (__CTOR_END__, ABSOLUTE (.))
                0x000000000000da88                PROVIDE (__DTOR_LIST__, ABSOLUTE (.))
 *(.dtors)
 *(SORT(.dtors.*))
                0x000000000000da88                PROVIDE (__DTOR_END__, ABSOLUTE (.))
 *(.jcr)
                0x000000000000da88                . = ALIGN (0x4)

.rodata         0x000000000000da88      0x194
                0x000000000000da88                PROVIDE (__ram_rodata_start, ABSOLUTE (.))
                0x000000000000da88                . = ALIGN (0x4)
 *(.rodata .rodata.* .gnu.linkonce.r.*)
 .rodata        0x000000000000da88       0x25 obj/default/hello_ucosii.o
 *fill*         0x000000000000daad        0x3 
 .rodata.str1.4
                0x000000000000dab0        0x2 d:/intelfpga_lite/16.1/nios2eds/bin/gnu/h-x86_64-mingw32/bin/../lib/gcc/nios2-elf/5.3.0/../../../../../H-x86_64-mingw32/nios2-elf/lib/mno-hw-mul\libc.a(lib_a-puts.o)
 *fill*         0x000000000000dab2        0x2 
 .rodata.str1.4
                0x000000000000dab4        0x4 d:/intelfpga_lite/16.1/nios2eds/bin/gnu/h-x86_64-mingw32/bin/../lib/gcc/nios2-elf/5.3.0/../../../../../H-x86_64-mingw32/nios2-elf/lib/mno-hw-mul\libc.a(lib_a-impure.o)
                                          0x2 (size before relaxing)
 .rodata        0x000000000000dab8        0xa ../audio_visualizer_bsp/\libucosii_bsp.a(alt_dev.o)
 *fill*         0x000000000000dac2        0x2 
 .rodata        0x000000000000dac4       0x11 ../audio_visualizer_bsp/\libucosii_bsp.a(alt_main.o)
 *fill*         0x000000000000dad5        0x3 
 .rodata        0x000000000000dad8      0x11e ../audio_visualizer_bsp/\libucosii_bsp.a(os_core.o)
                0x000000000000dad8                OSUnMapTbl
 *fill*         0x000000000000dbf6        0x2 
 .rodata        0x000000000000dbf8       0x1f ../audio_visualizer_bsp/\libucosii_bsp.a(alt_sys_init.o)
 *fill*         0x000000000000dc17        0x1 
 .rodata        0x000000000000dc18        0x2 ../audio_visualizer_bsp/\libucosii_bsp.a(os_cpu_c.o)
 *(.rodata1)
                0x000000000000dc1c                . = ALIGN (0x4)
 *fill*         0x000000000000dc1a        0x2 
                0x000000000000dc1c                PROVIDE (__ram_rodata_end, ABSOLUTE (.))
                0x000000000000da88                PROVIDE (__flash_rodata_start, LOADADDR (.rodata))

.rwdata         0x000000000000dc1c     0x1b20 load address 0x000000000000f73c
                0x000000000000dc1c                PROVIDE (__ram_rwdata_start, ABSOLUTE (.))
                0x000000000000dc1c                . = ALIGN (0x4)
 *(.got.plt)
 *(.got)
 *(.data1)
 *(.data .data.* .gnu.linkonce.d.*)
 .data          0x000000000000dc1c        0x0 ../audio_visualizer_bsp//obj/HAL/src/crt0.o
 .data          0x000000000000dc1c        0x0 obj/default/hello_ucosii.o
 .data          0x000000000000dc1c        0x0 d:/intelfpga_lite/16.1/nios2eds/bin/gnu/h-x86_64-mingw32/bin/../lib/gcc/nios2-elf/5.3.0/../../../../../H-x86_64-mingw32/nios2-elf/lib/mno-hw-mul\libc.a(lib_a-puts.o)
 .data          0x000000000000dc1c        0x0 d:/intelfpga_lite/16.1/nios2eds/bin/gnu/h-x86_64-mingw32/bin/../lib/gcc/nios2-elf/5.3.0/../../../../../H-x86_64-mingw32/nios2-elf/lib/mno-hw-mul\libc.a(lib_a-strlen.o)
 .data          0x000000000000dc1c        0x0 d:/intelfpga_lite/16.1/nios2eds/bin/gnu/h-x86_64-mingw32/bin/../lib/gcc/nios2-elf/5.3.0/../../../../../H-x86_64-mingw32/nios2-elf/lib/mno-hw-mul\libc.a(lib_a-findfp.o)
 .data          0x000000000000dc1c        0x0 d:/intelfpga_lite/16.1/nios2eds/bin/gnu/h-x86_64-mingw32/bin/../lib/gcc/nios2-elf/5.3.0/../../../../../H-x86_64-mingw32/nios2-elf/lib/mno-hw-mul\libc.a(lib_a-fvwrite.o)
 .data          0x000000000000dc1c        0x0 d:/intelfpga_lite/16.1/nios2eds/bin/gnu/h-x86_64-mingw32/bin/../lib/gcc/nios2-elf/5.3.0/../../../../../H-x86_64-mingw32/nios2-elf/lib/mno-hw-mul\libc.a(lib_a-fwalk.o)
 .data          0x000000000000dc1c        0x0 d:/intelfpga_lite/16.1/nios2eds/bin/gnu/h-x86_64-mingw32/bin/../lib/gcc/nios2-elf/5.3.0/../../../../../H-x86_64-mingw32/nios2-elf/lib/mno-hw-mul\libc.a(lib_a-impure.o)
 .data.impure_data
                0x000000000000dc1c      0x424 d:/intelfpga_lite/16.1/nios2eds/bin/gnu/h-x86_64-mingw32/bin/../lib/gcc/nios2-elf/5.3.0/../../../../../H-x86_64-mingw32/nios2-elf/lib/mno-hw-mul\libc.a(lib_a-impure.o)
 .data          0x000000000000e040        0x0 d:/intelfpga_lite/16.1/nios2eds/bin/gnu/h-x86_64-mingw32/bin/../lib/gcc/nios2-elf/5.3.0/../../../../../H-x86_64-mingw32/nios2-elf/lib/mno-hw-mul\libc.a(lib_a-mallocr.o)
 .data.__malloc_av_
                0x000000000000e040      0x408 d:/intelfpga_lite/16.1/nios2eds/bin/gnu/h-x86_64-mingw32/bin/../lib/gcc/nios2-elf/5.3.0/../../../../../H-x86_64-mingw32/nios2-elf/lib/mno-hw-mul\libc.a(lib_a-mallocr.o)
                0x000000000000e040                __malloc_av_
 .data          0x000000000000e448        0x0 d:/intelfpga_lite/16.1/nios2eds/bin/gnu/h-x86_64-mingw32/bin/../lib/gcc/nios2-elf/5.3.0/../../../../../H-x86_64-mingw32/nios2-elf/lib/mno-hw-mul\libc.a(lib_a-memchr.o)
 .data          0x000000000000e448        0x0 d:/intelfpga_lite/16.1/nios2eds/bin/gnu/h-x86_64-mingw32/bin/../lib/gcc/nios2-elf/5.3.0/../../../../../H-x86_64-mingw32/nios2-elf/lib/mno-hw-mul\libc.a(lib_a-memcpy.o)
 .data          0x000000000000e448        0x0 d:/intelfpga_lite/16.1/nios2eds/bin/gnu/h-x86_64-mingw32/bin/../lib/gcc/nios2-elf/5.3.0/../../../../../H-x86_64-mingw32/nios2-elf/lib/mno-hw-mul\libc.a(lib_a-memmove.o)
 .data          0x000000000000e448        0x0 d:/intelfpga_lite/16.1/nios2eds/bin/gnu/h-x86_64-mingw32/bin/../lib/gcc/nios2-elf/5.3.0/../../../../../H-x86_64-mingw32/nios2-elf/lib/mno-hw-mul\libc.a(lib_a-memset.o)
 .data          0x000000000000e448        0x0 d:/intelfpga_lite/16.1/nios2eds/bin/gnu/h-x86_64-mingw32/bin/../lib/gcc/nios2-elf/5.3.0/../../../../../H-x86_64-mingw32/nios2-elf/lib/mno-hw-mul\libc.a(lib_a-reallocr.o)
 .data          0x000000000000e448        0x0 d:/intelfpga_lite/16.1/nios2eds/bin/gnu/h-x86_64-mingw32/bin/../lib/gcc/nios2-elf/5.3.0/../../../../../H-x86_64-mingw32/nios2-elf/lib/mno-hw-mul\libc.a(lib_a-sbrkr.o)
 .data          0x000000000000e448        0x0 d:/intelfpga_lite/16.1/nios2eds/bin/gnu/h-x86_64-mingw32/bin/../lib/gcc/nios2-elf/5.3.0/../../../../../H-x86_64-mingw32/nios2-elf/lib/mno-hw-mul\libc.a(lib_a-stdio.o)
 .data          0x000000000000e448        0x0 d:/intelfpga_lite/16.1/nios2eds/bin/gnu/h-x86_64-mingw32/bin/../lib/gcc/nios2-elf/5.3.0/../../../../../H-x86_64-mingw32/nios2-elf/lib/mno-hw-mul\libc.a(lib_a-writer.o)
 .data          0x000000000000e448        0x0 d:/intelfpga_lite/16.1/nios2eds/bin/gnu/h-x86_64-mingw32/bin/../lib/gcc/nios2-elf/5.3.0/../../../../../H-x86_64-mingw32/nios2-elf/lib/mno-hw-mul\libc.a(lib_a-wsetup.o)
 .data          0x000000000000e448        0x0 d:/intelfpga_lite/16.1/nios2eds/bin/gnu/h-x86_64-mingw32/bin/../lib/gcc/nios2-elf/5.3.0/../../../../../H-x86_64-mingw32/nios2-elf/lib/mno-hw-mul\libc.a(closer.o)
 .data          0x000000000000e448        0x0 d:/intelfpga_lite/16.1/nios2eds/bin/gnu/h-x86_64-mingw32/bin/../lib/gcc/nios2-elf/5.3.0/../../../../../H-x86_64-mingw32/nios2-elf/lib/mno-hw-mul\libc.a(lib_a-fclose.o)
 .data          0x000000000000e448        0x0 d:/intelfpga_lite/16.1/nios2eds/bin/gnu/h-x86_64-mingw32/bin/../lib/gcc/nios2-elf/5.3.0/../../../../../H-x86_64-mingw32/nios2-elf/lib/mno-hw-mul\libc.a(lib_a-fflush.o)
 .data          0x000000000000e448        0x0 d:/intelfpga_lite/16.1/nios2eds/bin/gnu/h-x86_64-mingw32/bin/../lib/gcc/nios2-elf/5.3.0/../../../../../H-x86_64-mingw32/nios2-elf/lib/mno-hw-mul\libc.a(lib_a-freer.o)
 .data          0x000000000000e448        0x0 d:/intelfpga_lite/16.1/nios2eds/bin/gnu/h-x86_64-mingw32/bin/../lib/gcc/nios2-elf/5.3.0/../../../../../H-x86_64-mingw32/nios2-elf/lib/mno-hw-mul\libc.a(lib_a-int_errno.o)
 .data          0x000000000000e448        0x0 d:/intelfpga_lite/16.1/nios2eds/bin/gnu/h-x86_64-mingw32/bin/../lib/gcc/nios2-elf/5.3.0/../../../../../H-x86_64-mingw32/nios2-elf/lib/mno-hw-mul\libc.a(lib_a-lseekr.o)
 .data          0x000000000000e448        0x0 d:/intelfpga_lite/16.1/nios2eds/bin/gnu/h-x86_64-mingw32/bin/../lib/gcc/nios2-elf/5.3.0/../../../../../H-x86_64-mingw32/nios2-elf/lib/mno-hw-mul\libc.a(lib_a-makebuf.o)
 .data          0x000000000000e448        0x0 d:/intelfpga_lite/16.1/nios2eds/bin/gnu/h-x86_64-mingw32/bin/../lib/gcc/nios2-elf/5.3.0/../../../../../H-x86_64-mingw32/nios2-elf/lib/mno-hw-mul\libc.a(lib_a-readr.o)
 .data          0x000000000000e448        0x0 d:/intelfpga_lite/16.1/nios2eds/bin/gnu/h-x86_64-mingw32/bin/../lib/gcc/nios2-elf/5.3.0/../../../../../H-x86_64-mingw32/nios2-elf/lib/mno-hw-mul\libc.a(lib_a-fstatr.o)
 .data          0x000000000000e448        0x0 d:/intelfpga_lite/16.1/nios2eds/bin/gnu/h-x86_64-mingw32/bin/../lib/gcc/nios2-elf/5.3.0/../../../../../H-x86_64-mingw32/nios2-elf/lib/mno-hw-mul\libc.a(lib_a-isattyr.o)
 .data          0x000000000000e448        0x0 d:/intelfpga_lite/16.1/nios2eds/bin/gnu/h-x86_64-mingw32/bin/../lib/gcc/nios2-elf/5.3.0/mno-hw-mul\libgcc.a(lib2-divmod.o)
 .data          0x000000000000e448        0x0 d:/intelfpga_lite/16.1/nios2eds/bin/gnu/h-x86_64-mingw32/bin/../lib/gcc/nios2-elf/5.3.0/mno-hw-mul\libgcc.a(lib2-mul.o)
 .data          0x000000000000e448        0x0 ../audio_visualizer_bsp/\libucosii_bsp.a(alt_close.o)
 .data          0x000000000000e448      0x1a8 ../audio_visualizer_bsp/\libucosii_bsp.a(alt_dev.o)
                0x000000000000e448                alt_dev_null
                0x000000000000e470                alt_fd_list
 .data          0x000000000000e5f0        0x0 ../audio_visualizer_bsp/\libucosii_bsp.a(alt_errno.o)
 .data          0x000000000000e5f0        0x0 ../audio_visualizer_bsp/\libucosii_bsp.a(alt_fstat.o)
 .data          0x000000000000e5f0        0x0 ../audio_visualizer_bsp/\libucosii_bsp.a(alt_isatty.o)
 .data          0x000000000000e5f0        0x0 ../audio_visualizer_bsp/\libucosii_bsp.a(alt_load.o)
 .data          0x000000000000e5f0        0x0 ../audio_visualizer_bsp/\libucosii_bsp.a(alt_lseek.o)
 .data          0x000000000000e5f0        0x0 ../audio_visualizer_bsp/\libucosii_bsp.a(alt_main.o)
 .data          0x000000000000e5f0        0x0 ../audio_visualizer_bsp/\libucosii_bsp.a(alt_read.o)
 .data          0x000000000000e5f0        0x0 ../audio_visualizer_bsp/\libucosii_bsp.a(alt_release_fd.o)
 .data          0x000000000000e5f0        0x0 ../audio_visualizer_bsp/\libucosii_bsp.a(alt_sbrk.o)
 .data          0x000000000000e5f0        0x0 ../audio_visualizer_bsp/\libucosii_bsp.a(alt_write.o)
 .data          0x000000000000e5f0        0x0 ../audio_visualizer_bsp/\libucosii_bsp.a(alt_env_lock.o)
 .data          0x000000000000e5f0        0x0 ../audio_visualizer_bsp/\libucosii_bsp.a(alt_malloc_lock.o)
 .data          0x000000000000e5f0        0x0 ../audio_visualizer_bsp/\libucosii_bsp.a(os_core.o)
 .data          0x000000000000e5f0        0x0 ../audio_visualizer_bsp/\libucosii_bsp.a(os_dbg.o)
 .data          0x000000000000e5f0        0x0 ../audio_visualizer_bsp/\libucosii_bsp.a(os_flag.o)
 .data          0x000000000000e5f0        0x0 ../audio_visualizer_bsp/\libucosii_bsp.a(os_mem.o)
 .data          0x000000000000e5f0        0x0 ../audio_visualizer_bsp/\libucosii_bsp.a(os_q.o)
 .data          0x000000000000e5f0        0x0 ../audio_visualizer_bsp/\libucosii_bsp.a(os_sem.o)
 .data          0x000000000000e5f0        0x0 ../audio_visualizer_bsp/\libucosii_bsp.a(os_task.o)
 .data          0x000000000000e5f0        0x0 ../audio_visualizer_bsp/\libucosii_bsp.a(os_time.o)
 .data          0x000000000000e5f0     0x1098 ../audio_visualizer_bsp/\libucosii_bsp.a(alt_sys_init.o)
 .data          0x000000000000f688        0x0 ../audio_visualizer_bsp/\libucosii_bsp.a(altera_avalon_jtag_uart_fd.o)
 .data          0x000000000000f688        0x0 ../audio_visualizer_bsp/\libucosii_bsp.a(altera_avalon_jtag_uart_init.o)
 .data          0x000000000000f688        0x0 ../audio_visualizer_bsp/\libucosii_bsp.a(altera_avalon_jtag_uart_ioctl.o)
 .data          0x000000000000f688        0x0 ../audio_visualizer_bsp/\libucosii_bsp.a(altera_avalon_jtag_uart_read.o)
 .data          0x000000000000f688        0x0 ../audio_visualizer_bsp/\libucosii_bsp.a(altera_avalon_jtag_uart_write.o)
 .data          0x000000000000f688        0x0 ../audio_visualizer_bsp/\libucosii_bsp.a(altera_avalon_timer_sc.o)
 .data          0x000000000000f688        0x0 ../audio_visualizer_bsp/\libucosii_bsp.a(alt_alarm_start.o)
 .data          0x000000000000f688        0x0 ../audio_visualizer_bsp/\libucosii_bsp.a(alt_dcache_flush_all.o)
 .data          0x000000000000f688        0x0 ../audio_visualizer_bsp/\libucosii_bsp.a(alt_dev_llist_insert.o)
 .data          0x000000000000f688        0x0 ../audio_visualizer_bsp/\libucosii_bsp.a(alt_do_ctors.o)
 .data          0x000000000000f688        0x0 ../audio_visualizer_bsp/\libucosii_bsp.a(alt_do_dtors.o)
 .data          0x000000000000f688        0x0 ../audio_visualizer_bsp/\libucosii_bsp.a(alt_icache_flush_all.o)
 .data          0x000000000000f688        0x0 ../audio_visualizer_bsp/\libucosii_bsp.a(alt_iic.o)
 .data          0x000000000000f688        0x0 ../audio_visualizer_bsp/\libucosii_bsp.a(alt_iic_isr_register.o)
 .data          0x000000000000f688        0x0 ../audio_visualizer_bsp/\libucosii_bsp.a(alt_io_redirect.o)
 .data          0x000000000000f688        0x0 ../audio_visualizer_bsp/\libucosii_bsp.a(alt_irq_entry.o)
 .data          0x000000000000f688        0x0 ../audio_visualizer_bsp/\libucosii_bsp.a(alt_irq_handler.o)
 .data          0x000000000000f688        0x0 ../audio_visualizer_bsp/\libucosii_bsp.a(alt_irq_vars.o)
 .data          0x000000000000f688        0x0 ../audio_visualizer_bsp/\libucosii_bsp.a(alt_open.o)
 .data          0x000000000000f688        0x0 ../audio_visualizer_bsp/\libucosii_bsp.a(alt_tick.o)
 .data          0x000000000000f688        0x0 ../audio_visualizer_bsp/\libucosii_bsp.a(altera_nios2_gen2_irq.o)
 .data          0x000000000000f688        0x0 ../audio_visualizer_bsp/\libucosii_bsp.a(os_cpu_a.o)
 .data          0x000000000000f688        0x0 ../audio_visualizer_bsp/\libucosii_bsp.a(os_cpu_c.o)
 .data          0x000000000000f688        0x0 ../audio_visualizer_bsp/\libucosii_bsp.a(alt_exception_entry.o)
 .data          0x000000000000f688        0x0 ../audio_visualizer_bsp/\libucosii_bsp.a(alt_find_dev.o)
 .data          0x000000000000f688        0x0 ../audio_visualizer_bsp/\libucosii_bsp.a(alt_find_file.o)
 .data          0x000000000000f688        0x0 ../audio_visualizer_bsp/\libucosii_bsp.a(alt_get_fd.o)
 .data          0x000000000000f688        0x0 ../audio_visualizer_bsp/\libucosii_bsp.a(alt_instruction_exception_entry.o)
 .data          0x000000000000f688        0x0 d:/intelfpga_lite/16.1/nios2eds/bin/gnu/h-x86_64-mingw32/bin/../lib/gcc/nios2-elf/5.3.0/../../../../../H-x86_64-mingw32/nios2-elf/lib/mno-hw-mul\libc.a(lib_a-atexit.o)
 .data          0x000000000000f688        0x0 d:/intelfpga_lite/16.1/nios2eds/bin/gnu/h-x86_64-mingw32/bin/../lib/gcc/nios2-elf/5.3.0/../../../../../H-x86_64-mingw32/nios2-elf/lib/mno-hw-mul\libc.a(lib_a-exit.o)
 .data          0x000000000000f688        0x0 d:/intelfpga_lite/16.1/nios2eds/bin/gnu/h-x86_64-mingw32/bin/../lib/gcc/nios2-elf/5.3.0/../../../../../H-x86_64-mingw32/nios2-elf/lib/mno-hw-mul\libc.a(lib_a-memcmp.o)
 .data          0x000000000000f688        0x0 d:/intelfpga_lite/16.1/nios2eds/bin/gnu/h-x86_64-mingw32/bin/../lib/gcc/nios2-elf/5.3.0/../../../../../H-x86_64-mingw32/nios2-elf/lib/mno-hw-mul\libc.a(lib_a-__atexit.o)
 .data          0x000000000000f688        0x0 d:/intelfpga_lite/16.1/nios2eds/bin/gnu/h-x86_64-mingw32/bin/../lib/gcc/nios2-elf/5.3.0/../../../../../H-x86_64-mingw32/nios2-elf/lib/mno-hw-mul\libc.a(lib_a-__call_atexit.o)
 .data          0x000000000000f688        0x0 ../audio_visualizer_bsp/\libucosii_bsp.a(alt_exit.o)
                0x0000000000017688                _gp = ABSOLUTE ((. + 0x8000))
                [!provide]                        PROVIDE (gp, _gp)
 *(.rwdata .rwdata.*)
 *(.sdata .sdata.* .gnu.linkonce.s.*)
 .sdata._global_impure_ptr
                0x000000000000f688        0x4 d:/intelfpga_lite/16.1/nios2eds/bin/gnu/h-x86_64-mingw32/bin/../lib/gcc/nios2-elf/5.3.0/../../../../../H-x86_64-mingw32/nios2-elf/lib/mno-hw-mul\libc.a(lib_a-impure.o)
                0x000000000000f688                _global_impure_ptr
 .sdata._impure_ptr
                0x000000000000f68c        0x4 d:/intelfpga_lite/16.1/nios2eds/bin/gnu/h-x86_64-mingw32/bin/../lib/gcc/nios2-elf/5.3.0/../../../../../H-x86_64-mingw32/nios2-elf/lib/mno-hw-mul\libc.a(lib_a-impure.o)
                0x000000000000f68c                _impure_ptr
 .sdata.__malloc_sbrk_base
                0x000000000000f690        0x4 d:/intelfpga_lite/16.1/nios2eds/bin/gnu/h-x86_64-mingw32/bin/../lib/gcc/nios2-elf/5.3.0/../../../../../H-x86_64-mingw32/nios2-elf/lib/mno-hw-mul\libc.a(lib_a-mallocr.o)
                0x000000000000f690                __malloc_sbrk_base
 .sdata.__malloc_trim_threshold
                0x000000000000f694        0x4 d:/intelfpga_lite/16.1/nios2eds/bin/gnu/h-x86_64-mingw32/bin/../lib/gcc/nios2-elf/5.3.0/../../../../../H-x86_64-mingw32/nios2-elf/lib/mno-hw-mul\libc.a(lib_a-mallocr.o)
                0x000000000000f694                __malloc_trim_threshold
 .sdata         0x000000000000f698       0x14 ../audio_visualizer_bsp/\libucosii_bsp.a(alt_dev.o)
                0x000000000000f698                alt_fs_list
                0x000000000000f6a0                alt_dev_list
                0x000000000000f6a8                alt_max_fd
 .sdata         0x000000000000f6ac        0x4 ../audio_visualizer_bsp/\libucosii_bsp.a(alt_errno.o)
                0x000000000000f6ac                alt_errno
 .sdata         0x000000000000f6b0        0x4 ../audio_visualizer_bsp/\libucosii_bsp.a(alt_sbrk.o)
 .sdata         0x000000000000f6b4        0x4 ../audio_visualizer_bsp/\libucosii_bsp.a(alt_env_lock.o)
 .sdata         0x000000000000f6b8        0x4 ../audio_visualizer_bsp/\libucosii_bsp.a(alt_malloc_lock.o)
 .sdata         0x000000000000f6bc       0x72 ../audio_visualizer_bsp/\libucosii_bsp.a(os_dbg.o)
                0x000000000000f6bc                OSDebugEn
                0x000000000000f6c0                OSEndiannessTest
                0x000000000000f6c4                OSEventEn
                0x000000000000f6c6                OSEventMax
                0x000000000000f6c8                OSEventNameSize
                0x000000000000f6ca                OSEventSize
                0x000000000000f6cc                OSEventTblSize
                0x000000000000f6ce                OSEventMultiEn
                0x000000000000f6d0                OSFlagEn
                0x000000000000f6d2                OSFlagGrpSize
                0x000000000000f6d4                OSFlagNodeSize
                0x000000000000f6d6                OSFlagWidth
                0x000000000000f6d8                OSFlagMax
                0x000000000000f6da                OSFlagNameSize
                0x000000000000f6dc                OSLowestPrio
                0x000000000000f6de                OSMboxEn
                0x000000000000f6e0                OSMemEn
                0x000000000000f6e2                OSMemMax
                0x000000000000f6e4                OSMemNameSize
                0x000000000000f6e6                OSMemSize
                0x000000000000f6e8                OSMemTblSize
                0x000000000000f6ea                OSMutexEn
                0x000000000000f6ec                OSPtrSize
                0x000000000000f6ee                OSQEn
                0x000000000000f6f0                OSQMax
                0x000000000000f6f2                OSQSize
                0x000000000000f6f4                OSRdyTblSize
                0x000000000000f6f6                OSSemEn
                0x000000000000f6f8                OSStkWidth
                0x000000000000f6fa                OSTaskCreateEn
                0x000000000000f6fc                OSTaskCreateExtEn
                0x000000000000f6fe                OSTaskDelEn
                0x000000000000f700                OSTaskIdleStkSize
                0x000000000000f702                OSTaskProfileEn
                0x000000000000f704                OSTaskMax
                0x000000000000f706                OSTaskNameSize
                0x000000000000f708                OSTaskStatEn
                0x000000000000f70a                OSTaskStatStkSize
                0x000000000000f70c                OSTaskStatStkChkEn
                0x000000000000f70e                OSTaskSwHookEn
                0x000000000000f710                OSTCBPrioTblMax
                0x000000000000f712                OSTCBSize
                0x000000000000f714                OSTicksPerSec
                0x000000000000f716                OSTimeTickHookEn
                0x000000000000f718                OSVersionNbr
                0x000000000000f71a                OSTmrEn
                0x000000000000f71c                OSTmrCfgMax
                0x000000000000f71e                OSTmrCfgNameSize
                0x000000000000f720                OSTmrCfgWheelSize
                0x000000000000f722                OSTmrCfgTicksPerSec
                0x000000000000f724                OSTmrSize
                0x000000000000f726                OSTmrTblSize
                0x000000000000f728                OSTmrWheelSize
                0x000000000000f72a                OSTmrWheelTblSize
                0x000000000000f72c                OSDataSize
 *fill*         0x000000000000f72e        0x2 
 .sdata         0x000000000000f730        0x4 ../audio_visualizer_bsp/\libucosii_bsp.a(alt_irq_vars.o)
                0x000000000000f730                alt_priority_mask
 .sdata         0x000000000000f734        0x8 ../audio_visualizer_bsp/\libucosii_bsp.a(alt_tick.o)
                0x000000000000f734                alt_alarm_list
 *(.sdata2 .sdata2.* .gnu.linkonce.s2.*)
                0x000000000000f73c                . = ALIGN (0x4)
                0x000000000000f73c                _edata = ABSOLUTE (.)
                [!provide]                        PROVIDE (edata, ABSOLUTE (.))
                0x000000000000f73c                PROVIDE (__ram_rwdata_end, ABSOLUTE (.))
                0x000000000000f73c                PROVIDE (__flash_rwdata_start, LOADADDR (.rwdata))

.bss            0x000000000001125c     0x73dc
                0x000000000001125c                __bss_start = ABSOLUTE (.)
                [!provide]                        PROVIDE (__sbss_start, ABSOLUTE (.))
                [!provide]                        PROVIDE (___sbss_start, ABSOLUTE (.))
 *(.dynsbss)
 *(.sbss .sbss.* .gnu.linkonce.sb.*)
 .sbss.__malloc_max_total_mem
                0x000000000001125c        0x4 d:/intelfpga_lite/16.1/nios2eds/bin/gnu/h-x86_64-mingw32/bin/../lib/gcc/nios2-elf/5.3.0/../../../../../H-x86_64-mingw32/nios2-elf/lib/mno-hw-mul\libc.a(lib_a-mallocr.o)
                0x000000000001125c                __malloc_max_total_mem
 .sbss.__malloc_max_sbrked_mem
                0x0000000000011260        0x4 d:/intelfpga_lite/16.1/nios2eds/bin/gnu/h-x86_64-mingw32/bin/../lib/gcc/nios2-elf/5.3.0/../../../../../H-x86_64-mingw32/nios2-elf/lib/mno-hw-mul\libc.a(lib_a-mallocr.o)
                0x0000000000011260                __malloc_max_sbrked_mem
 .sbss.__malloc_top_pad
                0x0000000000011264        0x4 d:/intelfpga_lite/16.1/nios2eds/bin/gnu/h-x86_64-mingw32/bin/../lib/gcc/nios2-elf/5.3.0/../../../../../H-x86_64-mingw32/nios2-elf/lib/mno-hw-mul\libc.a(lib_a-mallocr.o)
                0x0000000000011264                __malloc_top_pad
 .sbss          0x0000000000011268        0x4 d:/intelfpga_lite/16.1/nios2eds/bin/gnu/h-x86_64-mingw32/bin/../lib/gcc/nios2-elf/5.3.0/../../../../../H-x86_64-mingw32/nios2-elf/lib/mno-hw-mul\libc.a(lib_a-int_errno.o)
                0x0000000000011268                errno
 .sbss          0x000000000001126c        0x4 ../audio_visualizer_bsp/\libucosii_bsp.a(alt_dev.o)
                0x000000000001126c                alt_fd_list_lock
 .sbss          0x0000000000011270        0xc ../audio_visualizer_bsp/\libucosii_bsp.a(alt_main.o)
                0x0000000000011270                alt_argc
                0x0000000000011274                alt_argv
                0x0000000000011278                alt_envp
 .sbss          0x000000000001127c        0x8 ../audio_visualizer_bsp/\libucosii_bsp.a(alt_env_lock.o)
                0x0000000000011280                alt_envsem
 .sbss          0x0000000000011284        0x8 ../audio_visualizer_bsp/\libucosii_bsp.a(alt_malloc_lock.o)
                0x0000000000011288                alt_heapsem
 .sbss          0x000000000001128c       0x50 ../audio_visualizer_bsp/\libucosii_bsp.a(os_core.o)
                0x000000000001128c                OSLockNesting
                0x000000000001128d                OSRunning
                0x0000000000011290                OSIdleCtr
                0x0000000000011294                OSPrioHighRdy
                0x0000000000011295                OSPrioCur
                0x0000000000011298                OSTCBList
                0x000000000001129c                OSTickStepState
                0x00000000000112a0                OSCtxSwCtr
                0x00000000000112a4                OSIdleCtrMax
                0x00000000000112a8                OSTCBFreeList
                0x00000000000112ac                OSCPUUsage
                0x00000000000112ad                OSTaskCtr
                0x00000000000112b0                OSMemFreeList
                0x00000000000112b4                OSTCBHighRdy
                0x00000000000112b8                OSQFreeList
                0x00000000000112bc                OSRdyGrp
                0x00000000000112bd                OSRdyTbl
                0x00000000000112c0                OSEventFreeList
                0x00000000000112c4                OSIntNesting
                0x00000000000112c8                OSTCBCur
                0x00000000000112cc                OSTime
                0x00000000000112d0                OSFlagFreeList
                0x00000000000112d4                OSStatRdy
                0x00000000000112d8                OSIdleCtrRun
 .sbss          0x00000000000112dc        0x4 ../audio_visualizer_bsp/\libucosii_bsp.a(alt_irq_vars.o)
                0x00000000000112dc                alt_irq_active
 .sbss          0x00000000000112e0        0x8 ../audio_visualizer_bsp/\libucosii_bsp.a(alt_tick.o)
                0x00000000000112e0                _alt_tick_rate
                0x00000000000112e4                _alt_nticks
 .sbss          0x00000000000112e8        0x4 ../audio_visualizer_bsp/\libucosii_bsp.a(alt_instruction_exception_entry.o)
                0x00000000000112e8                alt_instruction_exception_handler
 *(.sbss2 .sbss2.* .gnu.linkonce.sb2.*)
 *(.scommon)
                [!provide]                        PROVIDE (__sbss_end, ABSOLUTE (.))
                [!provide]                        PROVIDE (___sbss_end, ABSOLUTE (.))
 *(.dynbss)
 *(.bss .bss.* .gnu.linkonce.b.*)
 .bss           0x00000000000112ec        0x0 ../audio_visualizer_bsp//obj/HAL/src/crt0.o
 .bss           0x00000000000112ec        0x0 obj/default/hello_ucosii.o
 .bss           0x00000000000112ec        0x0 d:/intelfpga_lite/16.1/nios2eds/bin/gnu/h-x86_64-mingw32/bin/../lib/gcc/nios2-elf/5.3.0/../../../../../H-x86_64-mingw32/nios2-elf/lib/mno-hw-mul\libc.a(lib_a-puts.o)
 .bss           0x00000000000112ec        0x0 d:/intelfpga_lite/16.1/nios2eds/bin/gnu/h-x86_64-mingw32/bin/../lib/gcc/nios2-elf/5.3.0/../../../../../H-x86_64-mingw32/nios2-elf/lib/mno-hw-mul\libc.a(lib_a-strlen.o)
 .bss           0x00000000000112ec        0x0 d:/intelfpga_lite/16.1/nios2eds/bin/gnu/h-x86_64-mingw32/bin/../lib/gcc/nios2-elf/5.3.0/../../../../../H-x86_64-mingw32/nios2-elf/lib/mno-hw-mul\libc.a(lib_a-findfp.o)
 .bss           0x00000000000112ec        0x0 d:/intelfpga_lite/16.1/nios2eds/bin/gnu/h-x86_64-mingw32/bin/../lib/gcc/nios2-elf/5.3.0/../../../../../H-x86_64-mingw32/nios2-elf/lib/mno-hw-mul\libc.a(lib_a-fvwrite.o)
 .bss           0x00000000000112ec        0x0 d:/intelfpga_lite/16.1/nios2eds/bin/gnu/h-x86_64-mingw32/bin/../lib/gcc/nios2-elf/5.3.0/../../../../../H-x86_64-mingw32/nios2-elf/lib/mno-hw-mul\libc.a(lib_a-fwalk.o)
 .bss           0x00000000000112ec        0x0 d:/intelfpga_lite/16.1/nios2eds/bin/gnu/h-x86_64-mingw32/bin/../lib/gcc/nios2-elf/5.3.0/../../../../../H-x86_64-mingw32/nios2-elf/lib/mno-hw-mul\libc.a(lib_a-impure.o)
 .bss           0x00000000000112ec        0x0 d:/intelfpga_lite/16.1/nios2eds/bin/gnu/h-x86_64-mingw32/bin/../lib/gcc/nios2-elf/5.3.0/../../../../../H-x86_64-mingw32/nios2-elf/lib/mno-hw-mul\libc.a(lib_a-mallocr.o)
 .bss.__malloc_current_mallinfo
                0x00000000000112ec       0x28 d:/intelfpga_lite/16.1/nios2eds/bin/gnu/h-x86_64-mingw32/bin/../lib/gcc/nios2-elf/5.3.0/../../../../../H-x86_64-mingw32/nios2-elf/lib/mno-hw-mul\libc.a(lib_a-mallocr.o)
                0x00000000000112ec                __malloc_current_mallinfo
 .bss           0x0000000000011314        0x0 d:/intelfpga_lite/16.1/nios2eds/bin/gnu/h-x86_64-mingw32/bin/../lib/gcc/nios2-elf/5.3.0/../../../../../H-x86_64-mingw32/nios2-elf/lib/mno-hw-mul\libc.a(lib_a-memchr.o)
 .bss           0x0000000000011314        0x0 d:/intelfpga_lite/16.1/nios2eds/bin/gnu/h-x86_64-mingw32/bin/../lib/gcc/nios2-elf/5.3.0/../../../../../H-x86_64-mingw32/nios2-elf/lib/mno-hw-mul\libc.a(lib_a-memcpy.o)
 .bss           0x0000000000011314        0x0 d:/intelfpga_lite/16.1/nios2eds/bin/gnu/h-x86_64-mingw32/bin/../lib/gcc/nios2-elf/5.3.0/../../../../../H-x86_64-mingw32/nios2-elf/lib/mno-hw-mul\libc.a(lib_a-memmove.o)
 .bss           0x0000000000011314        0x0 d:/intelfpga_lite/16.1/nios2eds/bin/gnu/h-x86_64-mingw32/bin/../lib/gcc/nios2-elf/5.3.0/../../../../../H-x86_64-mingw32/nios2-elf/lib/mno-hw-mul\libc.a(lib_a-memset.o)
 .bss           0x0000000000011314        0x0 d:/intelfpga_lite/16.1/nios2eds/bin/gnu/h-x86_64-mingw32/bin/../lib/gcc/nios2-elf/5.3.0/../../../../../H-x86_64-mingw32/nios2-elf/lib/mno-hw-mul\libc.a(lib_a-reallocr.o)
 .bss           0x0000000000011314        0x0 d:/intelfpga_lite/16.1/nios2eds/bin/gnu/h-x86_64-mingw32/bin/../lib/gcc/nios2-elf/5.3.0/../../../../../H-x86_64-mingw32/nios2-elf/lib/mno-hw-mul\libc.a(lib_a-sbrkr.o)
 .bss           0x0000000000011314        0x0 d:/intelfpga_lite/16.1/nios2eds/bin/gnu/h-x86_64-mingw32/bin/../lib/gcc/nios2-elf/5.3.0/../../../../../H-x86_64-mingw32/nios2-elf/lib/mno-hw-mul\libc.a(lib_a-stdio.o)
 .bss           0x0000000000011314        0x0 d:/intelfpga_lite/16.1/nios2eds/bin/gnu/h-x86_64-mingw32/bin/../lib/gcc/nios2-elf/5.3.0/../../../../../H-x86_64-mingw32/nios2-elf/lib/mno-hw-mul\libc.a(lib_a-writer.o)
 .bss           0x0000000000011314        0x0 d:/intelfpga_lite/16.1/nios2eds/bin/gnu/h-x86_64-mingw32/bin/../lib/gcc/nios2-elf/5.3.0/../../../../../H-x86_64-mingw32/nios2-elf/lib/mno-hw-mul\libc.a(lib_a-wsetup.o)
 .bss           0x0000000000011314        0x0 d:/intelfpga_lite/16.1/nios2eds/bin/gnu/h-x86_64-mingw32/bin/../lib/gcc/nios2-elf/5.3.0/../../../../../H-x86_64-mingw32/nios2-elf/lib/mno-hw-mul\libc.a(closer.o)
 .bss           0x0000000000011314        0x0 d:/intelfpga_lite/16.1/nios2eds/bin/gnu/h-x86_64-mingw32/bin/../lib/gcc/nios2-elf/5.3.0/../../../../../H-x86_64-mingw32/nios2-elf/lib/mno-hw-mul\libc.a(lib_a-fclose.o)
 .bss           0x0000000000011314        0x0 d:/intelfpga_lite/16.1/nios2eds/bin/gnu/h-x86_64-mingw32/bin/../lib/gcc/nios2-elf/5.3.0/../../../../../H-x86_64-mingw32/nios2-elf/lib/mno-hw-mul\libc.a(lib_a-fflush.o)
 .bss           0x0000000000011314        0x0 d:/intelfpga_lite/16.1/nios2eds/bin/gnu/h-x86_64-mingw32/bin/../lib/gcc/nios2-elf/5.3.0/../../../../../H-x86_64-mingw32/nios2-elf/lib/mno-hw-mul\libc.a(lib_a-freer.o)
 .bss           0x0000000000011314        0x0 d:/intelfpga_lite/16.1/nios2eds/bin/gnu/h-x86_64-mingw32/bin/../lib/gcc/nios2-elf/5.3.0/../../../../../H-x86_64-mingw32/nios2-elf/lib/mno-hw-mul\libc.a(lib_a-int_errno.o)
 .bss           0x0000000000011314        0x0 d:/intelfpga_lite/16.1/nios2eds/bin/gnu/h-x86_64-mingw32/bin/../lib/gcc/nios2-elf/5.3.0/../../../../../H-x86_64-mingw32/nios2-elf/lib/mno-hw-mul\libc.a(lib_a-lseekr.o)
 .bss           0x0000000000011314        0x0 d:/intelfpga_lite/16.1/nios2eds/bin/gnu/h-x86_64-mingw32/bin/../lib/gcc/nios2-elf/5.3.0/../../../../../H-x86_64-mingw32/nios2-elf/lib/mno-hw-mul\libc.a(lib_a-makebuf.o)
 .bss           0x0000000000011314        0x0 d:/intelfpga_lite/16.1/nios2eds/bin/gnu/h-x86_64-mingw32/bin/../lib/gcc/nios2-elf/5.3.0/../../../../../H-x86_64-mingw32/nios2-elf/lib/mno-hw-mul\libc.a(lib_a-readr.o)
 .bss           0x0000000000011314        0x0 d:/intelfpga_lite/16.1/nios2eds/bin/gnu/h-x86_64-mingw32/bin/../lib/gcc/nios2-elf/5.3.0/../../../../../H-x86_64-mingw32/nios2-elf/lib/mno-hw-mul\libc.a(lib_a-fstatr.o)
 .bss           0x0000000000011314        0x0 d:/intelfpga_lite/16.1/nios2eds/bin/gnu/h-x86_64-mingw32/bin/../lib/gcc/nios2-elf/5.3.0/../../../../../H-x86_64-mingw32/nios2-elf/lib/mno-hw-mul\libc.a(lib_a-isattyr.o)
 .bss           0x0000000000011314        0x0 d:/intelfpga_lite/16.1/nios2eds/bin/gnu/h-x86_64-mingw32/bin/../lib/gcc/nios2-elf/5.3.0/mno-hw-mul\libgcc.a(lib2-divmod.o)
 .bss           0x0000000000011314        0x0 d:/intelfpga_lite/16.1/nios2eds/bin/gnu/h-x86_64-mingw32/bin/../lib/gcc/nios2-elf/5.3.0/mno-hw-mul\libgcc.a(lib2-mul.o)
 .bss           0x0000000000011314        0x0 ../audio_visualizer_bsp/\libucosii_bsp.a(alt_close.o)
 .bss           0x0000000000011314        0x0 ../audio_visualizer_bsp/\libucosii_bsp.a(alt_dev.o)
 .bss           0x0000000000011314        0x0 ../audio_visualizer_bsp/\libucosii_bsp.a(alt_errno.o)
 .bss           0x0000000000011314        0x0 ../audio_visualizer_bsp/\libucosii_bsp.a(alt_fstat.o)
 .bss           0x0000000000011314        0x0 ../audio_visualizer_bsp/\libucosii_bsp.a(alt_isatty.o)
 .bss           0x0000000000011314        0x0 ../audio_visualizer_bsp/\libucosii_bsp.a(alt_load.o)
 .bss           0x0000000000011314        0x0 ../audio_visualizer_bsp/\libucosii_bsp.a(alt_lseek.o)
 .bss           0x0000000000011314        0x0 ../audio_visualizer_bsp/\libucosii_bsp.a(alt_main.o)
 .bss           0x0000000000011314        0x0 ../audio_visualizer_bsp/\libucosii_bsp.a(alt_read.o)
 .bss           0x0000000000011314        0x0 ../audio_visualizer_bsp/\libucosii_bsp.a(alt_release_fd.o)
 .bss           0x0000000000011314        0x0 ../audio_visualizer_bsp/\libucosii_bsp.a(alt_sbrk.o)
 .bss           0x0000000000011314        0x0 ../audio_visualizer_bsp/\libucosii_bsp.a(alt_write.o)
 .bss           0x0000000000011314        0x0 ../audio_visualizer_bsp/\libucosii_bsp.a(alt_env_lock.o)
 .bss           0x0000000000011314        0x0 ../audio_visualizer_bsp/\libucosii_bsp.a(alt_malloc_lock.o)
 .bss           0x0000000000011314        0x0 ../audio_visualizer_bsp/\libucosii_bsp.a(os_core.o)
 .bss           0x0000000000011314        0x0 ../audio_visualizer_bsp/\libucosii_bsp.a(os_dbg.o)
 .bss           0x0000000000011314        0x0 ../audio_visualizer_bsp/\libucosii_bsp.a(os_flag.o)
 .bss           0x0000000000011314        0x0 ../audio_visualizer_bsp/\libucosii_bsp.a(os_mem.o)
 .bss           0x0000000000011314        0x0 ../audio_visualizer_bsp/\libucosii_bsp.a(os_q.o)
 .bss           0x0000000000011314        0x0 ../audio_visualizer_bsp/\libucosii_bsp.a(os_sem.o)
 .bss           0x0000000000011314        0x0 ../audio_visualizer_bsp/\libucosii_bsp.a(os_task.o)
 .bss           0x0000000000011314        0x0 ../audio_visualizer_bsp/\libucosii_bsp.a(os_time.o)
 .bss           0x0000000000011314        0x0 ../audio_visualizer_bsp/\libucosii_bsp.a(alt_sys_init.o)
 .bss           0x0000000000011314        0x0 ../audio_visualizer_bsp/\libucosii_bsp.a(altera_avalon_jtag_uart_fd.o)
 .bss           0x0000000000011314        0x0 ../audio_visualizer_bsp/\libucosii_bsp.a(altera_avalon_jtag_uart_init.o)
 .bss           0x0000000000011314        0x0 ../audio_visualizer_bsp/\libucosii_bsp.a(altera_avalon_jtag_uart_ioctl.o)
 .bss           0x0000000000011314        0x0 ../audio_visualizer_bsp/\libucosii_bsp.a(altera_avalon_jtag_uart_read.o)
 .bss           0x0000000000011314        0x0 ../audio_visualizer_bsp/\libucosii_bsp.a(altera_avalon_jtag_uart_write.o)
 .bss           0x0000000000011314        0x0 ../audio_visualizer_bsp/\libucosii_bsp.a(altera_avalon_timer_sc.o)
 .bss           0x0000000000011314        0x0 ../audio_visualizer_bsp/\libucosii_bsp.a(alt_alarm_start.o)
 .bss           0x0000000000011314        0x0 ../audio_visualizer_bsp/\libucosii_bsp.a(alt_dcache_flush_all.o)
 .bss           0x0000000000011314        0x0 ../audio_visualizer_bsp/\libucosii_bsp.a(alt_dev_llist_insert.o)
 .bss           0x0000000000011314        0x0 ../audio_visualizer_bsp/\libucosii_bsp.a(alt_do_ctors.o)
 .bss           0x0000000000011314        0x0 ../audio_visualizer_bsp/\libucosii_bsp.a(alt_do_dtors.o)
 .bss           0x0000000000011314        0x0 ../audio_visualizer_bsp/\libucosii_bsp.a(alt_icache_flush_all.o)
 .bss           0x0000000000011314        0x0 ../audio_visualizer_bsp/\libucosii_bsp.a(alt_iic.o)
 .bss           0x0000000000011314        0x0 ../audio_visualizer_bsp/\libucosii_bsp.a(alt_iic_isr_register.o)
 .bss           0x0000000000011314        0x0 ../audio_visualizer_bsp/\libucosii_bsp.a(alt_io_redirect.o)
 .bss           0x0000000000011314        0x0 ../audio_visualizer_bsp/\libucosii_bsp.a(alt_irq_entry.o)
 .bss           0x0000000000011314        0x0 ../audio_visualizer_bsp/\libucosii_bsp.a(alt_irq_handler.o)
 .bss           0x0000000000011314        0x0 ../audio_visualizer_bsp/\libucosii_bsp.a(alt_irq_vars.o)
 .bss           0x0000000000011314        0x0 ../audio_visualizer_bsp/\libucosii_bsp.a(alt_open.o)
 .bss           0x0000000000011314        0x0 ../audio_visualizer_bsp/\libucosii_bsp.a(alt_tick.o)
 .bss           0x0000000000011314        0x0 ../audio_visualizer_bsp/\libucosii_bsp.a(altera_nios2_gen2_irq.o)
 .bss           0x0000000000011314        0x0 ../audio_visualizer_bsp/\libucosii_bsp.a(os_cpu_a.o)
 .bss           0x0000000000011314        0x0 ../audio_visualizer_bsp/\libucosii_bsp.a(os_cpu_c.o)
 .bss           0x0000000000011314        0x0 ../audio_visualizer_bsp/\libucosii_bsp.a(alt_exception_entry.o)
 .bss           0x0000000000011314        0x0 ../audio_visualizer_bsp/\libucosii_bsp.a(alt_find_dev.o)
 .bss           0x0000000000011314        0x0 ../audio_visualizer_bsp/\libucosii_bsp.a(alt_find_file.o)
 .bss           0x0000000000011314        0x0 ../audio_visualizer_bsp/\libucosii_bsp.a(alt_get_fd.o)
 .bss           0x0000000000011314        0x0 ../audio_visualizer_bsp/\libucosii_bsp.a(alt_instruction_exception_entry.o)
 .bss           0x0000000000011314        0x0 d:/intelfpga_lite/16.1/nios2eds/bin/gnu/h-x86_64-mingw32/bin/../lib/gcc/nios2-elf/5.3.0/../../../../../H-x86_64-mingw32/nios2-elf/lib/mno-hw-mul\libc.a(lib_a-atexit.o)
 .bss           0x0000000000011314        0x0 d:/intelfpga_lite/16.1/nios2eds/bin/gnu/h-x86_64-mingw32/bin/../lib/gcc/nios2-elf/5.3.0/../../../../../H-x86_64-mingw32/nios2-elf/lib/mno-hw-mul\libc.a(lib_a-exit.o)
 .bss           0x0000000000011314        0x0 d:/intelfpga_lite/16.1/nios2eds/bin/gnu/h-x86_64-mingw32/bin/../lib/gcc/nios2-elf/5.3.0/../../../../../H-x86_64-mingw32/nios2-elf/lib/mno-hw-mul\libc.a(lib_a-memcmp.o)
 .bss           0x0000000000011314        0x0 d:/intelfpga_lite/16.1/nios2eds/bin/gnu/h-x86_64-mingw32/bin/../lib/gcc/nios2-elf/5.3.0/../../../../../H-x86_64-mingw32/nios2-elf/lib/mno-hw-mul\libc.a(lib_a-__atexit.o)
 .bss           0x0000000000011314        0x0 d:/intelfpga_lite/16.1/nios2eds/bin/gnu/h-x86_64-mingw32/bin/../lib/gcc/nios2-elf/5.3.0/../../../../../H-x86_64-mingw32/nios2-elf/lib/mno-hw-mul\libc.a(lib_a-__call_atexit.o)
 .bss           0x0000000000011314        0x0 ../audio_visualizer_bsp/\libucosii_bsp.a(alt_exit.o)
 *(COMMON)
 COMMON         0x0000000000011314     0x4000 obj/default/hello_ucosii.o
                0x0000000000011314                task1_stk
                0x0000000000013314                task2_stk
 COMMON         0x0000000000015314     0x3224 ../audio_visualizer_bsp/\libucosii_bsp.a(os_core.o)
                0x0000000000015314                OSFlagTbl
                0x0000000000015684                OSMemTbl
                0x00000000000162b4                OSTaskStatStk
                0x0000000000016ab4                OSQTbl
                0x0000000000016c94                OSTaskIdleStk
                0x0000000000017494                OSEventTbl
                0x0000000000017fd4                OSTCBTbl
                0x00000000000184e4                OSTCBPrioTbl
 COMMON         0x0000000000018538      0x100 ../audio_visualizer_bsp/\libucosii_bsp.a(alt_irq_handler.o)
                0x0000000000018538                alt_irq
                0x0000000000018638                . = ALIGN (0x4)
                0x0000000000018638                __bss_end = ABSOLUTE (.)

.onchip_memory2_0
                0x0000000000018638        0x0
                [!provide]                        PROVIDE (_alt_partition_onchip_memory2_0_start, ABSOLUTE (.))
 *(.onchip_memory2_0 .onchip_memory2_0. onchip_memory2_0.*)
                0x0000000000018638                . = ALIGN (0x4)
                [!provide]                        PROVIDE (_alt_partition_onchip_memory2_0_end, ABSOLUTE (.))
                0x0000000000018638                _end = ABSOLUTE (.)
                0x0000000000018638                end = ABSOLUTE (.)
                0x0000000000018638                __alt_stack_base = ABSOLUTE (.)
                [!provide]                        PROVIDE (_alt_partition_onchip_memory2_0_load_addr, LOADADDR (.onchip_memory2_0))

.stab
 *(.stab)

.stabstr
 *(.stabstr)

.stab.excl
 *(.stab.excl)

.stab.exclstr
 *(.stab.exclstr)

.stab.index
 *(.stab.index)

.stab.indexstr
 *(.stab.indexstr)

.comment        0x0000000000000000       0x23
 *(.comment)
 .comment       0x0000000000000000       0x23 obj/default/hello_ucosii.o
                                         0x24 (size before relaxing)
 .comment       0x0000000000000023       0x24 d:/intelfpga_lite/16.1/nios2eds/bin/gnu/h-x86_64-mingw32/bin/../lib/gcc/nios2-elf/5.3.0/../../../../../H-x86_64-mingw32/nios2-elf/lib/mno-hw-mul\libc.a(lib_a-puts.o)
 .comment       0x0000000000000023       0x24 d:/intelfpga_lite/16.1/nios2eds/bin/gnu/h-x86_64-mingw32/bin/../lib/gcc/nios2-elf/5.3.0/../../../../../H-x86_64-mingw32/nios2-elf/lib/mno-hw-mul\libc.a(lib_a-strlen.o)
 .comment       0x0000000000000023       0x24 d:/intelfpga_lite/16.1/nios2eds/bin/gnu/h-x86_64-mingw32/bin/../lib/gcc/nios2-elf/5.3.0/../../../../../H-x86_64-mingw32/nios2-elf/lib/mno-hw-mul\libc.a(lib_a-findfp.o)
 .comment       0x0000000000000023       0x24 d:/intelfpga_lite/16.1/nios2eds/bin/gnu/h-x86_64-mingw32/bin/../lib/gcc/nios2-elf/5.3.0/../../../../../H-x86_64-mingw32/nios2-elf/lib/mno-hw-mul\libc.a(lib_a-fvwrite.o)
 .comment       0x0000000000000023       0x24 d:/intelfpga_lite/16.1/nios2eds/bin/gnu/h-x86_64-mingw32/bin/../lib/gcc/nios2-elf/5.3.0/../../../../../H-x86_64-mingw32/nios2-elf/lib/mno-hw-mul\libc.a(lib_a-fwalk.o)
 .comment       0x0000000000000023       0x24 d:/intelfpga_lite/16.1/nios2eds/bin/gnu/h-x86_64-mingw32/bin/../lib/gcc/nios2-elf/5.3.0/../../../../../H-x86_64-mingw32/nios2-elf/lib/mno-hw-mul\libc.a(lib_a-impure.o)
 .comment       0x0000000000000023       0x24 d:/intelfpga_lite/16.1/nios2eds/bin/gnu/h-x86_64-mingw32/bin/../lib/gcc/nios2-elf/5.3.0/../../../../../H-x86_64-mingw32/nios2-elf/lib/mno-hw-mul\libc.a(lib_a-mallocr.o)
 .comment       0x0000000000000023       0x24 d:/intelfpga_lite/16.1/nios2eds/bin/gnu/h-x86_64-mingw32/bin/../lib/gcc/nios2-elf/5.3.0/../../../../../H-x86_64-mingw32/nios2-elf/lib/mno-hw-mul\libc.a(lib_a-memchr.o)
 .comment       0x0000000000000023       0x24 d:/intelfpga_lite/16.1/nios2eds/bin/gnu/h-x86_64-mingw32/bin/../lib/gcc/nios2-elf/5.3.0/../../../../../H-x86_64-mingw32/nios2-elf/lib/mno-hw-mul\libc.a(lib_a-memcpy.o)
 .comment       0x0000000000000023       0x24 d:/intelfpga_lite/16.1/nios2eds/bin/gnu/h-x86_64-mingw32/bin/../lib/gcc/nios2-elf/5.3.0/../../../../../H-x86_64-mingw32/nios2-elf/lib/mno-hw-mul\libc.a(lib_a-memmove.o)
 .comment       0x0000000000000023       0x24 d:/intelfpga_lite/16.1/nios2eds/bin/gnu/h-x86_64-mingw32/bin/../lib/gcc/nios2-elf/5.3.0/../../../../../H-x86_64-mingw32/nios2-elf/lib/mno-hw-mul\libc.a(lib_a-memset.o)
 .comment       0x0000000000000023       0x24 d:/intelfpga_lite/16.1/nios2eds/bin/gnu/h-x86_64-mingw32/bin/../lib/gcc/nios2-elf/5.3.0/../../../../../H-x86_64-mingw32/nios2-elf/lib/mno-hw-mul\libc.a(lib_a-reallocr.o)
 .comment       0x0000000000000023       0x24 d:/intelfpga_lite/16.1/nios2eds/bin/gnu/h-x86_64-mingw32/bin/../lib/gcc/nios2-elf/5.3.0/../../../../../H-x86_64-mingw32/nios2-elf/lib/mno-hw-mul\libc.a(lib_a-sbrkr.o)
 .comment       0x0000000000000023       0x24 d:/intelfpga_lite/16.1/nios2eds/bin/gnu/h-x86_64-mingw32/bin/../lib/gcc/nios2-elf/5.3.0/../../../../../H-x86_64-mingw32/nios2-elf/lib/mno-hw-mul\libc.a(lib_a-stdio.o)
 .comment       0x0000000000000023       0x24 d:/intelfpga_lite/16.1/nios2eds/bin/gnu/h-x86_64-mingw32/bin/../lib/gcc/nios2-elf/5.3.0/../../../../../H-x86_64-mingw32/nios2-elf/lib/mno-hw-mul\libc.a(lib_a-writer.o)
 .comment       0x0000000000000023       0x24 d:/intelfpga_lite/16.1/nios2eds/bin/gnu/h-x86_64-mingw32/bin/../lib/gcc/nios2-elf/5.3.0/../../../../../H-x86_64-mingw32/nios2-elf/lib/mno-hw-mul\libc.a(lib_a-wsetup.o)
 .comment       0x0000000000000023       0x24 d:/intelfpga_lite/16.1/nios2eds/bin/gnu/h-x86_64-mingw32/bin/../lib/gcc/nios2-elf/5.3.0/../../../../../H-x86_64-mingw32/nios2-elf/lib/mno-hw-mul\libc.a(closer.o)
 .comment       0x0000000000000023       0x24 d:/intelfpga_lite/16.1/nios2eds/bin/gnu/h-x86_64-mingw32/bin/../lib/gcc/nios2-elf/5.3.0/../../../../../H-x86_64-mingw32/nios2-elf/lib/mno-hw-mul\libc.a(lib_a-fclose.o)
 .comment       0x0000000000000023       0x24 d:/intelfpga_lite/16.1/nios2eds/bin/gnu/h-x86_64-mingw32/bin/../lib/gcc/nios2-elf/5.3.0/../../../../../H-x86_64-mingw32/nios2-elf/lib/mno-hw-mul\libc.a(lib_a-fflush.o)
 .comment       0x0000000000000023       0x24 d:/intelfpga_lite/16.1/nios2eds/bin/gnu/h-x86_64-mingw32/bin/../lib/gcc/nios2-elf/5.3.0/../../../../../H-x86_64-mingw32/nios2-elf/lib/mno-hw-mul\libc.a(lib_a-freer.o)
 .comment       0x0000000000000023       0x24 d:/intelfpga_lite/16.1/nios2eds/bin/gnu/h-x86_64-mingw32/bin/../lib/gcc/nios2-elf/5.3.0/../../../../../H-x86_64-mingw32/nios2-elf/lib/mno-hw-mul\libc.a(lib_a-int_errno.o)
 .comment       0x0000000000000023       0x24 d:/intelfpga_lite/16.1/nios2eds/bin/gnu/h-x86_64-mingw32/bin/../lib/gcc/nios2-elf/5.3.0/../../../../../H-x86_64-mingw32/nios2-elf/lib/mno-hw-mul\libc.a(lib_a-lseekr.o)
 .comment       0x0000000000000023       0x24 d:/intelfpga_lite/16.1/nios2eds/bin/gnu/h-x86_64-mingw32/bin/../lib/gcc/nios2-elf/5.3.0/../../../../../H-x86_64-mingw32/nios2-elf/lib/mno-hw-mul\libc.a(lib_a-makebuf.o)
 .comment       0x0000000000000023       0x24 d:/intelfpga_lite/16.1/nios2eds/bin/gnu/h-x86_64-mingw32/bin/../lib/gcc/nios2-elf/5.3.0/../../../../../H-x86_64-mingw32/nios2-elf/lib/mno-hw-mul\libc.a(lib_a-readr.o)
 .comment       0x0000000000000023       0x24 d:/intelfpga_lite/16.1/nios2eds/bin/gnu/h-x86_64-mingw32/bin/../lib/gcc/nios2-elf/5.3.0/../../../../../H-x86_64-mingw32/nios2-elf/lib/mno-hw-mul\libc.a(lib_a-fstatr.o)
 .comment       0x0000000000000023       0x24 d:/intelfpga_lite/16.1/nios2eds/bin/gnu/h-x86_64-mingw32/bin/../lib/gcc/nios2-elf/5.3.0/../../../../../H-x86_64-mingw32/nios2-elf/lib/mno-hw-mul\libc.a(lib_a-isattyr.o)
 .comment       0x0000000000000023       0x24 d:/intelfpga_lite/16.1/nios2eds/bin/gnu/h-x86_64-mingw32/bin/../lib/gcc/nios2-elf/5.3.0/mno-hw-mul\libgcc.a(lib2-divmod.o)
 .comment       0x0000000000000023       0x24 d:/intelfpga_lite/16.1/nios2eds/bin/gnu/h-x86_64-mingw32/bin/../lib/gcc/nios2-elf/5.3.0/mno-hw-mul\libgcc.a(lib2-mul.o)
 .comment       0x0000000000000023       0x24 ../audio_visualizer_bsp/\libucosii_bsp.a(alt_close.o)
 .comment       0x0000000000000023       0x24 ../audio_visualizer_bsp/\libucosii_bsp.a(alt_dev.o)
 .comment       0x0000000000000023       0x24 ../audio_visualizer_bsp/\libucosii_bsp.a(alt_errno.o)
 .comment       0x0000000000000023       0x24 ../audio_visualizer_bsp/\libucosii_bsp.a(alt_fstat.o)
 .comment       0x0000000000000023       0x24 ../audio_visualizer_bsp/\libucosii_bsp.a(alt_isatty.o)
 .comment       0x0000000000000023       0x24 ../audio_visualizer_bsp/\libucosii_bsp.a(alt_load.o)
 .comment       0x0000000000000023       0x24 ../audio_visualizer_bsp/\libucosii_bsp.a(alt_lseek.o)
 .comment       0x0000000000000023       0x24 ../audio_visualizer_bsp/\libucosii_bsp.a(alt_main.o)
 .comment       0x0000000000000023       0x24 ../audio_visualizer_bsp/\libucosii_bsp.a(alt_read.o)
 .comment       0x0000000000000023       0x24 ../audio_visualizer_bsp/\libucosii_bsp.a(alt_release_fd.o)
 .comment       0x0000000000000023       0x24 ../audio_visualizer_bsp/\libucosii_bsp.a(alt_sbrk.o)
 .comment       0x0000000000000023       0x24 ../audio_visualizer_bsp/\libucosii_bsp.a(alt_write.o)
 .comment       0x0000000000000023       0x24 ../audio_visualizer_bsp/\libucosii_bsp.a(alt_env_lock.o)
 .comment       0x0000000000000023       0x24 ../audio_visualizer_bsp/\libucosii_bsp.a(alt_malloc_lock.o)
 .comment       0x0000000000000023       0x24 ../audio_visualizer_bsp/\libucosii_bsp.a(os_core.o)
 .comment       0x0000000000000023       0x24 ../audio_visualizer_bsp/\libucosii_bsp.a(os_dbg.o)
 .comment       0x0000000000000023       0x24 ../audio_visualizer_bsp/\libucosii_bsp.a(os_flag.o)
 .comment       0x0000000000000023       0x24 ../audio_visualizer_bsp/\libucosii_bsp.a(os_mem.o)
 .comment       0x0000000000000023       0x24 ../audio_visualizer_bsp/\libucosii_bsp.a(os_q.o)
 .comment       0x0000000000000023       0x24 ../audio_visualizer_bsp/\libucosii_bsp.a(os_sem.o)
 .comment       0x0000000000000023       0x24 ../audio_visualizer_bsp/\libucosii_bsp.a(os_task.o)
 .comment       0x0000000000000023       0x24 ../audio_visualizer_bsp/\libucosii_bsp.a(os_time.o)
 .comment       0x0000000000000023       0x24 ../audio_visualizer_bsp/\libucosii_bsp.a(alt_sys_init.o)